Demo DataBASE


Server [localhost]:
Database [postgres]:
Port [5432]:
Username [postgres]:
Password for user postgres:

psql (18.0)
WARNING: Console code page (437) differs from Windows code page (1252)
         8-bit characters might not work correctly. See psql reference
         page "Notes for Windows users" for details.
Type "help" for help.

postgres=# CREATE DATABASE CARS;
CREATE DATABASE
postgres=# CREATE TABLE cars(
postgres(# Brand VARCHAR(255),
postgres(# Model VARCHAR(255),
postgres(# year int
postgres(# );
CREATE TABLE
postgres=# SELECT * FROM cars;
 brand | model | year
-------+-------+------
(0 rows)


postgres=# INSERT INTO cars(Brand,Model,year)
postgres-# VALUES ('FORD','IKON',2006);
INSERT 0 1
postgres=# SELECT * from cars;
 brand | model | year
-------+-------+------
 FORD  | IKON  | 2006
(1 row)


postgres=# INSERT into cars;(Brand,Model,year)
ERROR:  syntax error at or near ";"
LINE 1: INSERT into cars;
                        ^
postgres-# INSERT into cars(Brand,Model,year)
postgres-# VALUES
postgres-# ('Suzuki','Wagonr',2018),
postgres-# ('Chevrolet','Spark',2007),
postgres-# ('Honda','Amaze',2020);
ERROR:  syntax error at or near "Brand"
LINE 1: (Brand,Model,year)
         ^
postgres=# INSERT INTO cars(Brand,Model,year)
postgres-# VALUES
postgres-# ('Suzuki','Wagonr',2018),
postgres-# ('Chevrolet','Spark',2007),
postgres-# ('Honda','Amaze',2020);
INSERT 0 3
postgres=# SELECT brand, year FROM cars;
   brand   | year
-----------+------
 FORD      | 2006
 Suzuki    | 2018
 Chevrolet | 2007
 Honda     | 2020
(4 rows)


postgres=# SELECT * FROM cars;
   brand   | model  | year
-----------+--------+------
 FORD      | IKON   | 2006
 Suzuki    | Wagonr | 2018
 Chevrolet | Spark  | 2007
 Honda     | Amaze  | 2020
(4 rows)


postgres=# SELECT Brand, year FROM cars;
   brand   | year
-----------+------
 FORD      | 2006
 Suzuki    | 2018
 Chevrolet | 2007
 Honda     | 2020
(4 rows)


postgres=# SELECT * FROM Cars
postgres-# SELECT * FROM Cars;
ERROR:  syntax error at or near "SELECT"
LINE 2: SELECT * FROM Cars;
        ^
postgres=# SELECT * FROM cars;
   brand   | model  | year
-----------+--------+------
 FORD      | IKON   | 2006
 Suzuki    | Wagonr | 2018
 Chevrolet | Spark  | 2007
 Honda     | Amaze  | 2020
(4 rows)


postgres=# ALTER TABLE cars
postgres-# ADD color VARCHAR(255);
ALTER TABLE
postgres=# SELECT * FROM cars;
   brand   | model  | year | color
-----------+--------+------+-------
 FORD      | IKON   | 2006 |
 Suzuki    | Wagonr | 2018 |
 Chevrolet | Spark  | 2007 |
 Honda     | Amaze  | 2020 |
(4 rows)


postgres=# UPDATE cars
postgres-# SET color = 'Grey'
postgres-# WHERE brand = 'FORD'
postgres-# WHERE brand = 'FORD';
ERROR:  syntax error at or near "WHERE"
LINE 4: WHERE brand = 'FORD';
        ^
postgres=# WHERE brand = 'FORD';
ERROR:  syntax error at or near "WHERE"
LINE 1: WHERE brand = 'FORD';
        ^
postgres=# UPDATE cars
postgres-# SET color = 'Grey'
postgres-# WHERE brand = 'FORD';
UPDATE 1
postgres=# SELECT * FROM cars;
   brand   | model  | year | color
-----------+--------+------+-------
 Suzuki    | Wagonr | 2018 |
 Chevrolet | Spark  | 2007 |
 Honda     | Amaze  | 2020 |
 FORD      | IKON   | 2006 | Grey
(4 rows)


postgres=# ALTER TABLE cars
postgres-# ALTER COLUMN year TYPE VARCHAR(4);
ALTER TABLE
postgres=# ALTER TABLE cars
postgres-# ALTER COLUMN color TYPE VARCHAR(30);
ALTER TABLE
postgres=# ALTER TABLE cars
postgres-# DROP COLUMN color;
ALTER TABLE
postgres=# DELETE FROM cars
postgres-# WHERE brand = 'Honda';
DELETE 1
postgres=# DELETE FROM cars;
DELETE 3
postgres=# SELECT* FROM cars;
 brand | model | year
-------+-------+------
(0 rows)


postgres=# TRUNCATE TABLE cars;
TRUNCATE TABLE
postgres=# SELECT* FROM cars;
 brand | model | year
-------+-------+------
(0 rows)


postgres=# SELECT * FROM cars;
 brand | model | year
-------+-------+------
(0 rows)


postgres=# TRUNCATE TABLE cars;
TRUNCATE TABLE
postgres=# SELECT* FROM cars;
 brand | model | year
-------+-------+------
(0 rows)


postgres=# CREATE TABLE Categories(
postgres(# category_id SERIAL NOT NULL PRIMARY KEY,
postgres(# category_name VARCHAR(255),
postgres(# description VARCHAR(255)
postgres(# );
CREATE TABLE
postgres=# INSERT INTO categories (category_name, description)
postgres-# VALUES
postgres-#   ('Beverages', 'Soft drinks, coffees, teas, beers, and ales'),
postgres-#   ('Condiments', 'Sweet and savory sauces, relishes, spreads, and seasonings'),
postgres-#   ('Confections', 'Desserts, candies, and sweet breads'),
postgres-#   ('Dairy Products', 'Cheeses'),
postgres-#   ('Grains/Cereals', 'Breads, crackers, pasta, and cereal'),
postgres-#   ('Meat/Poultry', 'Prepared meats'),
postgres-#   ('Produce', 'Dried fruit and bean curd'),
postgres-#   ('Seafood', 'Seaweed and fish');
INSERT 0 8
postgres=# CREATE TABLE customers (
postgres(#   customer_id SERIAL NOT NULL PRIMARY KEY,
postgres(#   customer_name VARCHAR(255),
postgres(#   contact_name VARCHAR(255),
postgres(#   address VARCHAR(255),
postgres(#   city VARCHAR(255),
postgres(#   postal_code VARCHAR(255),
postgres(#   country VARCHAR(255)
postgres(# );
CREATE TABLE
postgres=# INSERT INTO customers (customer_name, contact_name, address, city, postal_code, country)
postgres-# VALUES
postgres-#   ('Alfreds Futterkiste', 'Maria Anders', 'Obere Str. 57', 'Berlin', '12209', 'Germany'),
postgres-#   ('Ana Trujillo Emparedados y helados', 'Ana Trujillo', 'Avda. de la Constitucion 2222', 'Mexico D.F.', '05021', 'Mexico'),
postgres-#   ('Antonio Moreno Taquera', 'Antonio Moreno', 'Mataderos 2312', 'Mexico D.F.', '05023', 'Mexico'),
postgres-#   ('Around the Horn', 'Thomas Hardy', '120 Hanover Sq.', 'London', 'WA1 1DP', 'UK'),
postgres-#   ('Berglunds snabbkoep', 'Christina Berglund', 'Berguvsvegen 8', 'Lulea', 'S-958 22', 'Sweden'),
postgres-#   ('Blauer See Delikatessen', 'Hanna Moos', 'Forsterstr. 57', 'Mannheim', '68306', 'Germany'),
postgres-#   ('Blondel pere et fils', 'Frederique Citeaux', '24, place Kleber', 'Strasbourg', '67000', 'France'),
postgres-#   ('Bolido Comidas preparadas', 'Martin Sommer', 'C/ Araquil, 67', 'Madrid', '28023', 'Spain'),
postgres-#   ('Bon app', 'Laurence Lebihans', '12, rue des Bouchers', 'Marseille', '13008', 'France'),
postgres-#   ('Bottom-Dollar Marketse', 'Elizabeth Lincoln', '23 Tsawassen Blvd.', 'Tsawassen', 'T2F 8M4', 'Canada'),
postgres-#   ('Bs Beverages', 'Victoria Ashworth', 'Fauntleroy Circus', 'London', 'EC2 5NT', 'UK'),
postgres-#   ('Cactus Comidas para llevar', 'Patricio Simpson', 'Cerrito 333', 'Buenos Aires', '1010', 'Argentina'),
postgres-#   ('Centro comercial Moctezuma', 'Francisco Chang', 'Sierras de Granada 9993', 'Mexico D.F.', '05022', 'Mexico'),
postgres-#   ('Chop-suey Chinese', 'Yang Wang', 'Hauptstr. 29', 'Bern', '3012', 'Switzerland'),
postgres-#   ('Comercio Mineiro', 'Pedro Afonso', 'Av. dos Lusiadas, 23', 'Sao Paulo', '05432-043', 'Brazil'),
postgres-#   ('Consolidated Holdings', 'Elizabeth Brown', 'Berkeley Gardens 12 Brewery ', 'London', 'WX1 6LT', 'UK'),
postgres-#   ('Drachenblut Delikatessend', 'Sven Ottlieb', 'Walserweg 21', 'Aachen', '52066', 'Germany'),
postgres-#   ('Du monde entier', 'Janine Labrune', '67, rue des Cinquante Otages', 'Nantes', '44000', 'France'),
postgres-#   ('Eastern Connection', 'Ann Devon', '35 King George', 'London', 'WX3 6FW', 'UK'),
postgres-#   ('Ernst Handel', 'Roland Mendel', 'Kirchgasse 6', 'Graz', '8010', 'Austria'),
postgres-#   ('Familia Arquibaldo', 'Aria Cruz', 'Rua Oros, 92', 'Sao Paulo', '05442-030', 'Brazil'),
postgres-#   ('FISSA Fabrica Inter. Salchichas S.A.', 'Diego Roel', 'C/ Moralzarzal, 86', 'Madrid', '28034', 'Spain'),
postgres-#   ('Folies gourmandes', 'Martine Rance', '184, chaussee de Tournai', 'Lille', '59000', 'France'),
postgres-#   ('Folk och fe HB', 'Maria Larsson', 'Akergatan 24', 'Brecke', 'S-844 67', 'Sweden'),
postgres-#   ('Frankenversand', 'Peter Franken', 'Berliner Platz 43', 'Munchen', '80805', 'Germany'),
postgres-#   ('France restauration', 'Carine Schmitt', '54, rue Royale', 'Nantes', '44000', 'France'),
postgres-#   ('Franchi S.p.A.', 'Paolo Accorti', 'Via Monte Bianco 34', 'Torino', '10100', 'Italy'),
postgres-#   ('Furia Bacalhau e Frutos do Mar', 'Lino Rodriguez ', 'Jardim das rosas n. 32', 'Lisboa', '1675', 'Portugal'),
postgres-#   ('Galeria del gastronomo', 'Eduardo Saavedra', 'Rambla de Cataluna, 23', 'Barcelona', '08022', 'Spain'),
postgres-#   ('Godos Cocina Tipica', 'Jose Pedro Freyre', 'C/ Romero, 33', 'Sevilla', '41101', 'Spain'),
postgres-#   ('Gourmet Lanchonetes', 'Andre Fonseca', 'Av. Brasil, 442', 'Campinas', '04876-786', 'Brazil'),
postgres-#   ('Great Lakes Food Market', 'Howard Snyder', '2732 Baker Blvd.', 'Eugene', '97403', 'USA'),
postgres-#   ('GROSELLA-Restaurante', 'Manuel Pereira', '5th Ave. Los Palos Grandes', 'Caracas', '1081', 'Venezuela'),
postgres-#   ('Hanari Carnes', 'Mario Pontes', 'Rua do Paco, 67', 'Rio de Janeiro', '05454-876', 'Brazil'),
postgres-#   ('HILARION-Abastos', 'Carlos Hernandez', 'Carrera 22 con Ave. Carlos Soublette #8-35', 'San Cristobal', '5022', 'Venezuela'),
postgres-#   ('Hungry Coyote Import Store', 'Yoshi Latimer', 'City Center Plaza 516 Main St.', 'Elgin', '97827', 'USA'),
postgres-#   ('Hungry Owl All-Night Grocers', 'Patricia McKenna', '8 Johnstown Road', 'Cork', '', 'Ireland'),
postgres-#   ('Island Trading', 'Helen Bennett', 'Garden House Crowther Way', 'Cowes', 'PO31 7PJ', 'UK'),
postgres-#   ('Koniglich Essen', 'Philip Cramer', 'Maubelstr. 90', 'Brandenburg', '14776', 'Germany'),
postgres-#   ('La corne d abondance', 'Daniel Tonini', '67, avenue de l Europe', 'Versailles', '78000', 'France'),
postgres-#   ('La maison d Asie', 'Annette Roulet', '1 rue Alsace-Lorraine', 'Toulouse', '31000', 'France'),
postgres-#   ('Laughing Bacchus Wine Cellars', 'Yoshi Tannamuri', '1900 Oak St.', 'Vancouver', 'V3F 2K1', 'Canada'),
postgres-#   ('Lazy K Kountry Store', 'John Steel', '12 Orchestra Terrace', 'Walla Walla', '99362', 'USA'),
postgres-#   ('Lehmanns Marktstand', 'Renate Messner', 'Magazinweg 7', 'Frankfurt a.M. ', '60528', 'Germany'),
postgres-#   ('Lets Stop N Shop', 'Jaime Yorres', '87 Polk St. Suite 5', 'San Francisco', '94117', 'USA'),
postgres-#   ('LILA-Supermercado', 'Carlos Gonzalez', 'Carrera 52 con Ave. Bolivar #65-98 Llano Largo', 'Barquisimeto', '3508', 'Venezuela'),
postgres-#   ('LINO-Delicateses', 'Felipe Izquierdo', 'Ave. 5 de Mayo Porlamar', 'I. de Margarita', '4980', 'Venezuela'),
postgres-#   ('Lonesome Pine Restaurant', 'Fran Wilson', '89 Chiaroscuro Rd.', 'Portland', '97219', 'USA'),
postgres-#   ('Magazzini Alimentari Riuniti', 'Giovanni Rovelli', 'Via Ludovico il Moro 22', 'Bergamo', '24100', 'Italy'),
postgres-#   ('Maison Dewey', 'Catherine Dewey', 'Rue Joseph-Bens 532', 'Bruxelles', 'B-1180', 'Belgium'),
postgres-#   ('Mere Paillarde', 'Jean Fresniere', '43 rue St. Laurent', 'Montreal', 'H1J 1C3', 'Canada'),
postgres-#   ('Morgenstern Gesundkost', 'Alexander Feuer', 'Heerstr. 22', 'Leipzig', '04179', 'Germany'),
postgres-#   ('North/South', 'Simon Crowther', 'South House 300 Queensbridge', 'London', 'SW7 1RZ', 'UK'),
postgres-#   ('Oceano Atlantico Ltda.', 'Yvonne Moncada', 'Ing. Gustavo Moncada 8585 Piso 20-A', 'Buenos Aires', '1010', 'Argentina'),
postgres-#   ('Old World Delicatessen', 'Rene Phillips', '2743 Bering St.', 'Anchorage', '99508', 'USA'),
postgres-#   ('Ottilies Keseladen', 'Henriette Pfalzheim', 'Mehrheimerstr. 369', 'Koln', '50739', 'Germany'),
postgres-#   ('Paris specialites', 'Marie Bertrand', '265, boulevard Charonne', 'Paris', '75012', 'France'),
postgres-#   ('Pericles Comidas clasicas', 'Guillermo Fernandez', 'Calle Dr. Jorge Cash 321', 'Mexico D.F.', '05033', 'Mexico'),
postgres-#   ('Piccolo und mehr', 'Georg Pipps', 'Geislweg 14', 'Salzburg', '5020', 'Austria'),
postgres-#   ('Princesa Isabel Vinhoss', 'Isabel de Castro', 'Estrada da saude n. 58', 'Lisboa', '1756', 'Portugal'),
postgres-#   ('Que Delicia', 'Bernardo Batista', 'Rua da Panificadora, 12', 'Rio de Janeiro', '02389-673', 'Brazil'),
postgres-#   ('Queen Cozinha', 'Lucia Carvalho', 'Alameda dos Canarios, 891', 'Sao Paulo', '05487-020', 'Brazil'),
postgres-#   ('QUICK-Stop', 'Horst Kloss', 'Taucherstrasse 10', 'Cunewalde', '01307', 'Germany'),
postgres-#   ('Rancho grande', 'Sergio Gutiarrez', 'Av. del Libertador 900', 'Buenos Aires', '1010', 'Argentina'),
postgres-#   ('Rattlesnake Canyon Grocery', 'Paula Wilson', '2817 Milton Dr.', 'Albuquerque', '87110', 'USA'),
postgres-#   ('Reggiani Caseifici', 'Maurizio Moroni', 'Strada Provinciale 124', 'Reggio Emilia', '42100', 'Italy'),
postgres-#   ('Ricardo Adocicados', 'Janete Limeira', 'Av. Copacabana, 267', 'Rio de Janeiro', '02389-890', 'Brazil'),
postgres-#   ('Richter Supermarkt', 'Michael Holz', 'Grenzacherweg 237', 'Genève', '1203', 'Switzerland'),
postgres-#   ('Romero y tomillo', 'Alejandra Camino', 'Gran Via, 1', 'Madrid', '28001', 'Spain'),
postgres-#   ('Santa Gourmet', 'Jonas Bergulfsen', 'Erling Skakkes gate 78', 'Stavern', '4110', 'Norway'),
postgres-#   ('Save-a-lot Markets', 'Jose Pavarotti', '187 Suffolk Ln.', 'Boise', '83720', 'USA'),
postgres-#   ('Seven Seas Imports', 'Hari Kumar', '90 Wadhurst Rd.', 'London', 'OX15 4NB', 'UK'),
postgres-#   ('Simons bistro', 'Jytte Petersen', 'Vinbeltet 34', 'Kobenhavn', '1734', 'Denmark'),
postgres-#   ('Specialites du monde', 'Dominique Perrier', '25, rue Lauriston', 'Paris', '75016', 'France'),
postgres-#   ('Split Rail Beer & Ale', 'Art Braunschweiger', 'P.O. Box 555', 'Lander', '82520', 'USA'),
postgres-#   ('Supremes delices', 'Pascale Cartrain', 'Boulevard Tirou, 255', 'Charleroi', 'B-6000', 'Belgium'),
postgres-#   ('The Big Cheese', 'Liz Nixon', '89 Jefferson Way Suite 2', 'Portland', '97201', 'USA'),
postgres-#   ('The Cracker Box', 'Liu Wong', '55 Grizzly Peak Rd.', 'Butte', '59801', 'USA'),
postgres-#   ('Toms Spezialiteten', 'Karin Josephs', 'Luisenstr. 48', 'Manster', '44087', 'Germany'),
postgres-#   ('Tortuga Restaurante', 'Miguel Angel Paolino', 'Avda. Azteca 123', 'Mexico D.F.', '05033', 'Mexico'),
postgres-#   ('Tradicao Hipermercados', 'Anabela Domingues', 'Av. Ines de Castro, 414', 'Sao Paulo', '05634-030', 'Brazil'),
postgres-#   ('Trails Head Gourmet Provisioners', 'Helvetius Nagy', '722 DaVinci Blvd.', 'Kirkland', '98034', 'USA'),
postgres-#   ('Vaffeljernet', 'Palle Ibsen', 'Smagsloget 45', 'Arhus', '8200', 'Denmark'),
postgres-#   ('Victuailles en stock', 'Mary Saveley', '2, rue du Commerce', 'Lyon', '69004', 'France'),
postgres-#   ('Vins et alcools Chevalier', 'Paul Henriot', '59 rue de l Abbaye', 'Reims', '51100', 'France'),
postgres-#   ('Die Wandernde Kuh', 'Rita Moller', 'Adenauerallee 900', 'Stuttgart', '70563', 'Germany'),
postgres-#   ('Wartian Herkku', 'Pirkko Koskitalo', 'Torikatu 38', 'Oulu', '90110', 'Finland'),
postgres-#   ('Wellington Importadora', 'Paula Parente', 'Rua do Mercado, 12', 'Resende', '08737-363', 'Brazil'),
postgres-#   ('White Clover Markets', 'Karl Jablonski', '305 - 14th Ave. S. Suite 3B', 'Seattle', '98128', 'USA'),
postgres-#   ('Wilman Kala', 'Matti Karttunen', 'Keskuskatu 45', 'Helsinki', '21240', 'Finland'),
postgres-#   ('Wolski', 'Zbyszek', 'ul. Filtrowa 68', 'Walla', '01-012', 'Poland');
INSERT 0 91
postgres=# CREATE TABLE products (
postgres(#   product_id SERIAL NOT NULL PRIMARY KEY,
postgres(#   product_name VARCHAR(255),
postgres(#   category_id INT,
postgres(#   unit VARCHAR(255),
postgres(#   price DECIMAL(10, 2)
postgres(# );
CREATE TABLE
postgres=# INSERT INTO products (product_id, product_name, category_id, unit, price)
postgres-# VALUES
postgres-#   (1, 'Chais', 1, '10 boxes x 20 bags', 18),
postgres-#   (2, 'Chang', 1, '24 - 12 oz bottles', 19),
postgres-#   (3, 'Aniseed Syrup', 2, '12 - 550 ml bottles', 10),
postgres-#   (4, 'Chef Antons Cajun Seasoning', 2, '48 - 6 oz jars', 22),
postgres-#   (5, 'Chef Antons Gumbo Mix', 2, '36 boxes', 21.35),
postgres-#   (6, 'Grandmas Boysenberry Spread', 2, '12 - 8 oz jars', 25),
postgres-#   (7, 'Uncle Bobs Organic Dried Pears', 7, '12 - 1 lb pkgs.', 30),
postgres-#   (8, 'Northwoods Cranberry Sauce', 2, '12 - 12 oz jars', 40),
postgres-#   (9, 'Mishi Kobe Niku', 6, '18 - 500 g pkgs.', 97),
postgres-#   (10, 'Ikura', 8, '12 - 200 ml jars', 31),
postgres-#   (11, 'Queso Cabrales', 4, '1 kg pkg.', 21),
postgres-#   (12, 'Queso Manchego La Pastora', 4, '10 - 500 g pkgs.', 38),
postgres-#   (13, 'Konbu', 8, '2 kg box', 6),
postgres-#   (14, 'Tofu', 7, '40 - 100 g pkgs.', 23.25),
postgres-#   (15, 'Genen Shouyu', 2, '24 - 250 ml bottles', 15.5),
postgres-#   (16, 'Pavlova', 3, '32 - 500 g boxes', 17.45),
postgres-#   (17, 'Alice Mutton', 6, '20 - 1 kg tins', 39),
postgres-#   (18, 'Carnarvon Tigers', 8, '16 kg pkg.', 62.5),
postgres-#   (19, 'Teatime Chocolate Biscuits', 3, '10 boxes x 12 pieces', 9.2),
postgres-#   (20, 'Sir Rodneys Marmalade', 3, '30 gift boxes', 81),
postgres-#   (21, 'Sir Rodneys Scones', 3, '24 pkgs. x 4 pieces', 10),
postgres-#   (22, 'Gustafs Kneckebrod', 5, '24 - 500 g pkgs.', 21),
postgres-#   (23, 'Tunnbrod', 5, '12 - 250 g pkgs.', 9),
postgres-#   (24, 'Guarani Fantastica', 1, '12 - 355 ml cans', 4.5),
postgres-#   (25, 'NuNuCa Nui-Nougat-Creme', 3, '20 - 450 g glasses', 14),
postgres-#   (26, 'Gumber Gummiberchen', 3, '100 - 250 g bags', 31.23),
postgres-#   (27, 'Schoggi Schokolade', 3, '100 - 100 g pieces', 43.9),
postgres-#   (28, 'Rassle Sauerkraut', 7, '25 - 825 g cans', 45.6),
postgres-#   (29, 'Thoringer Rostbratwurst', 6, '50 bags x 30 sausgs.', 123.79),
postgres-#   (30, 'Nord-Ost Matjeshering', 8, '10 - 200 g glasses', 25.89),
postgres-#   (31, 'Gorgonzola Telino', 4, '12 - 100 g pkgs', 12.5),
postgres-#   (32, 'Mascarpone Fabioli', 4, '24 - 200 g pkgs.', 32),
postgres-#   (33, 'Geitost', 4, '500 g', 2.5),
postgres-#   (34, 'Sasquatch Ale', 1, '24 - 12 oz bottles', 14),
postgres-#   (35, 'Steeleye Stout', 1, '24 - 12 oz bottles', 18),
postgres-#   (36, 'Inlagd Sill', 8, '24 - 250 g jars', 19),
postgres-#   (37, 'Gravad lax', 8, '12 - 500 g pkgs.', 26),
postgres-#   (38, 'Cote de Blaye', 1, '12 - 75 cl bottles', 263.5),
postgres-#   (39, 'Chartreuse verte', 1, '750 cc per bottle', 18),
postgres-#   (40, 'Boston Crab Meat', 8, '24 - 4 oz tins', 18.4),
postgres-#   (41, 'Jacks New England Clam Chowder', 8, '12 - 12 oz cans', 9.65),
postgres-#   (42, 'Singaporean Hokkien Fried Mee', 5, '32 - 1 kg pkgs.', 14),
postgres-#   (43, 'Ipoh Coffee', 1, '16 - 500 g tins', 46),
postgres-#   (44, 'Gula Malacca', 2, '20 - 2 kg bags', 19.45),
postgres-#   (45, 'Rogede sild', 8, '1k pkg.', 9.5),
postgres-#   (46, 'Spegesild', 8, '4 - 450 g glasses', 12),
postgres-#   (47, 'Zaanse koeken', 3, '10 - 4 oz boxes', 9.5),
postgres-#   (48, 'Chocolade', 3, '10 pkgs.', 12.75),
postgres-#   (49, 'Maxilaku', 3, '24 - 50 g pkgs.', 20),
postgres-#   (50, 'Valkoinen suklaa', 3, '12 - 100 g bars', 16.25),
postgres-#   (51, 'Manjimup Dried Apples', 7, '50 - 300 g pkgs.', 53),
postgres-#   (52, 'Filo Mix', 5, '16 - 2 kg boxes', 7),
postgres-#   (53, 'Perth Pasties', 6, '48 pieces', 32.8),
postgres-#   (54, 'Tourtiare', 6, '16 pies', 7.45),
postgres-#   (55, 'Pate chinois', 6, '24 boxes x 2 pies', 24),
postgres-#   (56, 'Gnocchi di nonna Alice', 5, '24 - 250 g pkgs.', 38),
postgres-#   (57, 'Ravioli Angelo', 5, '24 - 250 g pkgs.', 19.5),
postgres-#   (58, 'Escargots de Bourgogne', 8, '24 pieces', 13.25),
postgres-#   (59, 'Raclette Courdavault', 4, '5 kg pkg.', 55),
postgres-#   (60, 'Camembert Pierrot', 4, '15 - 300 g rounds', 34),
postgres-#   (61, 'Sirop d arable', 2, '24 - 500 ml bottles', 28.5),
postgres-#   (62, 'Tarte au sucre', 3, '48 pies', 49.3),
postgres-#   (63, 'Vegie-spread', 2, '15 - 625 g jars', 43.9),
postgres-#   (64, 'Wimmers gute Semmelknadel', 5, '20 bags x 4 pieces', 33.25),
postgres-#   (65, 'Louisiana Fiery Hot Pepper Sauce', 2, '32 - 8 oz bottles', 21.05),
postgres-#   (66, 'Louisiana Hot Spiced Okra', 2, '24 - 8 oz jars', 17),
postgres-#   (67, 'Laughing Lumberjack Lager', 1, '24 - 12 oz bottles', 14),
postgres-#   (68, 'Scottish Longbreads', 3, '10 boxes x 8 pieces', 12.5),
postgres-#   (69, 'Gudbrandsdalsost', 4, '10 kg pkg.', 36),
postgres-#   (70, 'Outback Lager', 1, '24 - 355 ml bottles', 15),
postgres-#   (71, 'Flotemysost', 4, '10 - 500 g pkgs.', 21.5),
postgres-#   (72, 'Mozzarella di Giovanni', 4, '24 - 200 g pkgs.', 34.8),
postgres-#   (73, 'Red Kaviar', 8, '24 - 150 g jars', 15),
postgres-#   (74, 'Longlife Tofu', 7, '5 kg pkg.', 10),
postgres-#   (75, 'Rhenbreu Klosterbier', 1, '24 - 0.5 l bottles', 7.75),
postgres-#   (76, 'Lakkalikeeri', 1, '500 ml ', 18),
postgres-#   (77, 'Original Frankfurter grune Soae', 2, '12 boxes', 13);
INSERT 0 77
postgres=# CREATE TABLE orders (
postgres(#   order_id SERIAL NOT NULL PRIMARY KEY,
postgres(#   customer_id INT,
postgres(#   order_date DATE
postgres(# );
CREATE TABLE
postgres=# INSERT INTO orders (order_id, customer_id, order_date)
postgres-# VALUES
postgres-#   (10248, 90, '2021-07-04'),
postgres-#   (10249, 81, '2021-07-05'),
postgres-#   (10250, 34, '2021-07-08'),
postgres-#   (10251, 84, '2021-07-08'),
postgres-#   (10252, 76, '2021-07-09'),
postgres-#   (10253, 34, '2021-07-10'),
postgres-#   (10254, 14, '2021-07-11'),
postgres-#   (10255, 68, '2021-07-12'),
postgres-#   (10256, 88, '2021-07-15'),
postgres-#   (10257, 35, '2021-07-16'),
postgres-#   (10258, 20, '2021-07-17'),
postgres-#   (10259, 13, '2021-07-18'),
postgres-#   (10260, 55, '2021-07-19'),
postgres-#   (10261, 61, '2021-07-19'),
postgres-#   (10262, 65, '2021-07-22'),
postgres-#   (10263, 20, '2021-07-23'),
postgres-#   (10264, 24, '2021-07-24'),
postgres-#   (10265, 7, '2021-07-25'),
postgres-#   (10266, 87, '2021-07-26'),
postgres-#   (10267, 25, '2021-07-29'),
postgres-#   (10268, 33, '2021-07-30'),
postgres-#   (10269, 89, '2021-07-31'),
postgres-#   (10270, 87, '2021-08-01'),
postgres-#   (10271, 75, '2021-08-01'),
postgres-#   (10272, 65, '2021-08-02'),
postgres-#   (10273, 63, '2021-08-05'),
postgres-#   (10274, 85, '2021-08-06'),
postgres-#   (10275, 49, '2021-08-07'),
postgres-#   (10276, 80, '2021-08-08'),
postgres-#   (10277, 52, '2021-08-09'),
postgres-#   (10278, 5, '2021-08-12'),
postgres-#   (10279, 44, '2021-08-13'),
postgres-#   (10280, 5, '2021-08-14'),
postgres-#   (10281, 69, '2021-08-14'),
postgres-#   (10282, 69, '2021-08-15'),
postgres-#   (10283, 46, '2021-08-16'),
postgres-#   (10284, 44, '2021-08-19'),
postgres-#   (10285, 63, '2021-08-20'),
postgres-#   (10286, 63, '2021-08-21'),
postgres-#   (10287, 67, '2021-08-22'),
postgres-#   (10288, 66, '2021-08-23'),
postgres-#   (10289, 11, '2021-08-26'),
postgres-#   (10290, 15, '2021-08-27'),
postgres-#   (10291, 61, '2021-08-27'),
postgres-#   (10292, 81, '2021-08-28'),
postgres-#   (10293, 80, '2021-08-29'),
postgres-#   (10294, 65, '2021-08-30'),
postgres-#   (10295, 85, '2021-09-02'),
postgres-#   (10296, 46, '2021-09-03'),
postgres-#   (10297, 7, '2021-09-04'),
postgres-#   (10298, 37, '2021-09-05'),
postgres-#   (10299, 67, '2021-09-06'),
postgres-#   (10300, 49, '2021-09-09'),
postgres-#   (10301, 86, '2021-09-09'),
postgres-#   (10302, 76, '2021-09-10'),
postgres-#   (10303, 30, '2021-09-11'),
postgres-#   (10304, 80, '2021-09-12'),
postgres-#   (10305, 55, '2021-09-13'),
postgres-#   (10306, 69, '2021-09-16'),
postgres-#   (10307, 48, '2021-09-17'),
postgres-#   (10308, 2, '2021-09-18'),
postgres-#   (10309, 37, '2021-09-19'),
postgres-#   (10310, 77, '2021-09-20'),
postgres-#   (10311, 18, '2021-09-20'),
postgres-#   (10312, 86, '2021-09-23'),
postgres-#   (10313, 63, '2021-09-24'),
postgres-#   (10314, 65, '2021-09-25'),
postgres-#   (10315, 38, '2021-09-26'),
postgres-#   (10316, 65, '2021-09-27'),
postgres-#   (10317, 48, '2021-09-30'),
postgres-#   (10318, 38, '2021-10-01'),
postgres-#   (10319, 80, '2021-10-02'),
postgres-#   (10320, 87, '2021-10-03'),
postgres-#   (10321, 38, '2021-10-03'),
postgres-#   (10322, 58, '2021-10-04'),
postgres-#   (10323, 39, '2021-10-07'),
postgres-#   (10324, 71, '2021-10-08'),
postgres-#   (10325, 39, '2021-10-09'),
postgres-#   (10326, 8, '2021-10-10'),
postgres-#   (10327, 24, '2021-10-11'),
postgres-#   (10328, 28, '2021-10-14'),
postgres-#   (10329, 75, '2021-10-15'),
postgres-#   (10330, 46, '2021-10-16'),
postgres-#   (10331, 9, '2021-10-16'),
postgres-#   (10332, 51, '2021-10-17'),
postgres-#   (10333, 87, '2021-10-18'),
postgres-#   (10334, 84, '2021-10-21'),
postgres-#   (10335, 37, '2021-10-22'),
postgres-#   (10336, 60, '2021-10-23'),
postgres-#   (10337, 25, '2021-10-24'),
postgres-#   (10338, 55, '2021-10-25'),
postgres-#   (10339, 51, '2021-10-28'),
postgres-#   (10340, 9, '2021-10-29'),
postgres-#   (10341, 73, '2021-10-29'),
postgres-#   (10342, 25, '2021-10-30'),
postgres-#   (10343, 44, '2021-10-31'),
postgres-#   (10344, 89, '2021-11-01'),
postgres-#   (10345, 63, '2021-11-04'),
postgres-#   (10346, 65, '2021-11-05'),
postgres-#   (10347, 21, '2021-11-06'),
postgres-#   (10348, 86, '2021-11-07'),
postgres-#   (10349, 75, '2021-11-08'),
postgres-#   (10350, 41, '2021-11-11'),
postgres-#   (10351, 20, '2021-11-11'),
postgres-#   (10352, 28, '2021-11-12'),
postgres-#   (10353, 59, '2021-11-13'),
postgres-#   (10354, 58, '2021-11-14'),
postgres-#   (10355, 4, '2021-11-15'),
postgres-#   (10356, 86, '2021-11-18'),
postgres-#   (10357, 46, '2021-11-19'),
postgres-#   (10358, 41, '2021-11-20'),
postgres-#   (10359, 72, '2021-11-21'),
postgres-#   (10360, 7, '2021-11-22'),
postgres-#   (10361, 63, '2021-11-22'),
postgres-#   (10362, 9, '2021-11-25'),
postgres-#   (10363, 17, '2021-11-26'),
postgres-#   (10364, 19, '2021-11-26'),
postgres-#   (10365, 3, '2021-11-27'),
postgres-#   (10366, 29, '2021-11-28'),
postgres-#   (10367, 83, '2021-11-28'),
postgres-#   (10368, 20, '2021-11-29'),
postgres-#   (10369, 75, '2021-12-02'),
postgres-#   (10370, 14, '2021-12-03'),
postgres-#   (10371, 41, '2021-12-03'),
postgres-#   (10372, 62, '2021-12-04'),
postgres-#   (10373, 37, '2021-12-05'),
postgres-#   (10374, 91, '2021-12-05'),
postgres-#   (10375, 36, '2021-12-06'),
postgres-#   (10376, 51, '2021-12-09'),
postgres-#   (10377, 72, '2021-12-09'),
postgres-#   (10378, 24, '2021-12-10'),
postgres-#   (10379, 61, '2021-12-11'),
postgres-#   (10380, 37, '2021-12-12'),
postgres-#   (10381, 46, '2021-12-12'),
postgres-#   (10382, 20, '2021-12-13'),
postgres-#   (10383, 4, '2021-12-16'),
postgres-#   (10384, 5, '2021-12-16'),
postgres-#   (10385, 75, '2021-12-17'),
postgres-#   (10386, 21, '2021-12-18'),
postgres-#   (10387, 70, '2021-12-18'),
postgres-#   (10388, 72, '2021-12-19'),
postgres-#   (10389, 10, '2021-12-20'),
postgres-#   (10390, 20, '2021-12-23'),
postgres-#   (10391, 17, '2021-12-23'),
postgres-#   (10392, 59, '2021-12-24'),
postgres-#   (10393, 71, '2021-12-25'),
postgres-#   (10394, 36, '2021-12-25'),
postgres-#   (10395, 35, '2021-12-26'),
postgres-#   (10396, 25, '2021-12-27'),
postgres-#   (10397, 60, '2021-12-27'),
postgres-#   (10398, 71, '2021-12-30'),
postgres-#   (10399, 83, '2021-12-31'),
postgres-#   (10400, 19, '2022-01-01'),
postgres-#   (10401, 65, '2022-01-01'),
postgres-#   (10402, 20, '2022-01-02'),
postgres-#   (10403, 20, '2022-01-03'),
postgres-#   (10404, 49, '2022-01-03'),
postgres-#   (10405, 47, '2022-01-06'),
postgres-#   (10406, 62, '2022-01-07'),
postgres-#   (10407, 56, '2022-01-07'),
postgres-#   (10408, 23, '2022-01-08'),
postgres-#   (10409, 54, '2022-01-09'),
postgres-#   (10410, 10, '2022-01-10'),
postgres-#   (10411, 10, '2022-01-10'),
postgres-#   (10412, 87, '2022-01-13'),
postgres-#   (10413, 41, '2022-01-14'),
postgres-#   (10414, 21, '2022-01-14'),
postgres-#   (10415, 36, '2022-01-15'),
postgres-#   (10416, 87, '2022-01-16'),
postgres-#   (10417, 73, '2022-01-16'),
postgres-#   (10418, 63, '2022-01-17'),
postgres-#   (10419, 68, '2022-01-20'),
postgres-#   (10420, 88, '2022-01-21'),
postgres-#   (10421, 61, '2022-01-21'),
postgres-#   (10422, 27, '2022-01-22'),
postgres-#   (10423, 31, '2022-01-23'),
postgres-#   (10424, 51, '2022-01-23'),
postgres-#   (10425, 41, '2022-01-24'),
postgres-#   (10426, 29, '2022-01-27'),
postgres-#   (10427, 59, '2022-01-27'),
postgres-#   (10428, 66, '2022-01-28'),
postgres-#   (10429, 37, '2022-01-29'),
postgres-#   (10430, 20, '2022-01-30'),
postgres-#   (10431, 10, '2022-01-30'),
postgres-#   (10432, 75, '2022-01-31'),
postgres-#   (10433, 60, '2022-02-03'),
postgres-#   (10434, 24, '2022-02-03'),
postgres-#   (10435, 16, '2022-02-04'),
postgres-#   (10436, 7, '2022-02-05'),
postgres-#   (10437, 87, '2022-02-05'),
postgres-#   (10438, 79, '2022-02-06'),
postgres-#   (10439, 51, '2022-02-07'),
postgres-#   (10440, 71, '2022-02-10'),
postgres-#   (10441, 55, '2022-02-10'),
postgres-#   (10442, 20, '2022-02-11'),
postgres-#   (10443, 66, '2022-02-12'),
postgres-#   (10444, 5, '2022-02-12'),
postgres-#   (10445, 5, '2022-02-13'),
postgres-#   (10446, 79, '2022-02-14'),
postgres-#   (10447, 67, '2022-02-14'),
postgres-#   (10448, 64, '2022-02-17'),
postgres-#   (10449, 7, '2022-02-18'),
postgres-#   (10450, 84, '2022-02-19'),
postgres-#   (10451, 63, '2022-02-19'),
postgres-#   (10452, 71, '2022-02-20'),
postgres-#   (10453, 4, '2022-02-21'),
postgres-#   (10454, 41, '2022-02-21'),
postgres-#   (10455, 87, '2022-02-24'),
postgres-#   (10456, 39, '2022-02-25'),
postgres-#   (10457, 39, '2022-02-25'),
postgres-#   (10458, 76, '2022-02-26'),
postgres-#   (10459, 84, '2022-02-27'),
postgres-#   (10460, 24, '2022-02-28'),
postgres-#   (10461, 46, '2022-02-28'),
postgres-#   (10462, 16, '2022-03-03'),
postgres-#   (10463, 76, '2022-03-04'),
postgres-#   (10464, 28, '2022-03-04'),
postgres-#   (10465, 83, '2022-03-05'),
postgres-#   (10466, 15, '2022-03-06'),
postgres-#   (10467, 49, '2022-03-06'),
postgres-#   (10468, 39, '2022-03-07'),
postgres-#   (10469, 89, '2022-03-10'),
postgres-#   (10470, 9, '2022-03-11'),
postgres-#   (10471, 11, '2022-03-11'),
postgres-#   (10472, 72, '2022-03-12'),
postgres-#   (10473, 38, '2022-03-13'),
postgres-#   (10474, 58, '2022-03-13'),
postgres-#   (10475, 76, '2022-03-14'),
postgres-#   (10476, 35, '2022-03-17'),
postgres-#   (10477, 60, '2022-03-17'),
postgres-#   (10478, 84, '2022-03-18'),
postgres-#   (10479, 65, '2022-03-19'),
postgres-#   (10480, 23, '2022-03-20'),
postgres-#   (10481, 67, '2022-03-20'),
postgres-#   (10482, 43, '2022-03-21'),
postgres-#   (10483, 89, '2022-03-24'),
postgres-#   (10484, 11, '2022-03-24'),
postgres-#   (10485, 47, '2022-03-25'),
postgres-#   (10486, 35, '2022-03-26'),
postgres-#   (10487, 62, '2022-03-26'),
postgres-#   (10488, 25, '2022-03-27'),
postgres-#   (10489, 59, '2022-03-28'),
postgres-#   (10490, 35, '2022-03-31'),
postgres-#   (10491, 28, '2022-03-31'),
postgres-#   (10492, 10, '2022-04-01'),
postgres-#   (10493, 41, '2022-04-02'),
postgres-#   (10494, 15, '2022-04-02'),
postgres-#   (10495, 42, '2022-04-03'),
postgres-#   (10496, 81, '2022-04-04'),
postgres-#   (10497, 44, '2022-04-04'),
postgres-#   (10498, 35, '2022-04-07'),
postgres-#   (10499, 46, '2022-04-08'),
postgres-#   (10500, 41, '2022-04-09'),
postgres-#   (10501, 6, '2022-04-09'),
postgres-#   (10502, 58, '2022-04-10'),
postgres-#   (10503, 37, '2022-04-11'),
postgres-#   (10504, 89, '2022-04-11'),
postgres-#   (10505, 51, '2022-04-14'),
postgres-#   (10506, 39, '2022-04-15'),
postgres-#   (10507, 3, '2022-04-15'),
postgres-#   (10508, 56, '2022-04-16'),
postgres-#   (10509, 6, '2022-04-17'),
postgres-#   (10510, 71, '2022-04-18'),
postgres-#   (10511, 9, '2022-04-18'),
postgres-#   (10512, 21, '2022-04-21'),
postgres-#   (10513, 86, '2022-04-22'),
postgres-#   (10514, 20, '2022-04-22'),
postgres-#   (10515, 63, '2022-04-23'),
postgres-#   (10516, 37, '2022-04-24'),
postgres-#   (10517, 53, '2022-04-24'),
postgres-#   (10518, 80, '2022-04-25'),
postgres-#   (10519, 14, '2022-04-28'),
postgres-#   (10520, 70, '2022-04-29'),
postgres-#   (10521, 12, '2022-04-29'),
postgres-#   (10522, 44, '2022-04-30'),
postgres-#   (10523, 72, '2022-05-01'),
postgres-#   (10524, 5, '2022-05-01'),
postgres-#   (10525, 9, '2022-05-02'),
postgres-#   (10526, 87, '2022-05-05'),
postgres-#   (10527, 63, '2022-05-05'),
postgres-#   (10528, 32, '2022-05-06'),
postgres-#   (10529, 50, '2022-05-07'),
postgres-#   (10530, 59, '2022-05-08'),
postgres-#   (10531, 54, '2022-05-08'),
postgres-#   (10532, 19, '2022-05-09'),
postgres-#   (10533, 24, '2022-05-12'),
postgres-#   (10534, 44, '2022-05-12'),
postgres-#   (10535, 3, '2022-05-13'),
postgres-#   (10536, 44, '2022-05-14'),
postgres-#   (10537, 68, '2022-05-14'),
postgres-#   (10538, 11, '2022-05-15'),
postgres-#   (10539, 11, '2022-05-16'),
postgres-#   (10540, 63, '2022-05-19'),
postgres-#   (10541, 34, '2022-05-19'),
postgres-#   (10542, 39, '2022-05-20'),
postgres-#   (10543, 46, '2022-05-21'),
postgres-#   (10544, 48, '2022-05-21'),
postgres-#   (10545, 43, '2022-05-22'),
postgres-#   (10546, 84, '2022-05-23'),
postgres-#   (10547, 72, '2022-05-23'),
postgres-#   (10548, 79, '2022-05-26'),
postgres-#   (10549, 63, '2022-05-27'),
postgres-#   (10550, 30, '2022-05-28'),
postgres-#   (10551, 28, '2022-05-28'),
postgres-#   (10552, 35, '2022-05-29'),
postgres-#   (10553, 87, '2022-05-30'),
postgres-#   (10554, 56, '2022-05-30'),
postgres-#   (10555, 71, '2022-06-02'),
postgres-#   (10556, 73, '2022-06-03'),
postgres-#   (10557, 44, '2022-06-03'),
postgres-#   (10558, 4, '2022-06-04'),
postgres-#   (10559, 7, '2022-06-05'),
postgres-#   (10560, 25, '2022-06-06'),
postgres-#   (10561, 24, '2022-06-06'),
postgres-#   (10562, 66, '2022-06-09'),
postgres-#   (10563, 67, '2022-06-10'),
postgres-#   (10564, 65, '2022-06-10'),
postgres-#   (10565, 51, '2022-06-11'),
postgres-#   (10566, 7, '2022-06-12'),
postgres-#   (10567, 37, '2022-06-12'),
postgres-#   (10568, 29, '2022-06-13'),
postgres-#   (10569, 65, '2022-06-16'),
postgres-#   (10570, 51, '2022-06-17'),
postgres-#   (10571, 20, '2022-06-17'),
postgres-#   (10572, 5, '2022-06-18'),
postgres-#   (10573, 3, '2022-06-19'),
postgres-#   (10574, 82, '2022-06-19'),
postgres-#   (10575, 52, '2022-06-20'),
postgres-#   (10576, 80, '2022-06-23'),
postgres-#   (10577, 82, '2022-06-23'),
postgres-#   (10578, 11, '2022-06-24'),
postgres-#   (10579, 45, '2022-06-25'),
postgres-#   (10580, 56, '2022-06-26'),
postgres-#   (10581, 21, '2022-06-26'),
postgres-#   (10582, 6, '2022-06-27'),
postgres-#   (10583, 87, '2022-06-30'),
postgres-#   (10584, 7, '2022-06-30'),
postgres-#   (10585, 88, '2022-07-01'),
postgres-#   (10586, 66, '2022-07-02'),
postgres-#   (10587, 61, '2022-07-02'),
postgres-#   (10588, 63, '2022-07-03'),
postgres-#   (10589, 32, '2022-07-04'),
postgres-#   (10590, 51, '2022-07-07'),
postgres-#   (10591, 83, '2022-07-07'),
postgres-#   (10592, 44, '2022-07-08'),
postgres-#   (10593, 44, '2022-07-09'),
postgres-#   (10594, 55, '2022-07-09'),
postgres-#   (10595, 20, '2022-07-10'),
postgres-#   (10596, 89, '2022-07-11'),
postgres-#   (10597, 59, '2022-07-11'),
postgres-#   (10598, 65, '2022-07-14'),
postgres-#   (10599, 11, '2022-07-15'),
postgres-#   (10600, 36, '2022-07-16'),
postgres-#   (10601, 35, '2022-07-16'),
postgres-#   (10602, 83, '2022-07-17'),
postgres-#   (10603, 71, '2022-07-18'),
postgres-#   (10604, 28, '2022-07-18'),
postgres-#   (10605, 51, '2022-07-21'),
postgres-#   (10606, 81, '2022-07-22'),
postgres-#   (10607, 71, '2022-07-22'),
postgres-#   (10608, 79, '2022-07-23'),
postgres-#   (10609, 18, '2022-07-24'),
postgres-#   (10610, 41, '2022-07-25'),
postgres-#   (10611, 91, '2022-07-25'),
postgres-#   (10612, 71, '2022-07-28'),
postgres-#   (10613, 35, '2022-07-29'),
postgres-#   (10614, 6, '2022-07-29'),
postgres-#   (10615, 90, '2022-07-30'),
postgres-#   (10616, 32, '2022-07-31'),
postgres-#   (10617, 32, '2022-07-31'),
postgres-#   (10618, 51, '2022-08-01'),
postgres-#   (10619, 51, '2022-08-04'),
postgres-#   (10620, 42, '2022-08-05'),
postgres-#   (10621, 38, '2022-08-05'),
postgres-#   (10622, 67, '2022-08-06'),
postgres-#   (10623, 25, '2022-08-07'),
postgres-#   (10624, 78, '2022-08-07'),
postgres-#   (10625, 2, '2022-08-08'),
postgres-#   (10626, 5, '2022-08-11'),
postgres-#   (10627, 71, '2022-08-11'),
postgres-#   (10628, 7, '2022-08-12'),
postgres-#   (10629, 30, '2022-08-12'),
postgres-#   (10630, 39, '2022-08-13'),
postgres-#   (10631, 41, '2022-08-14'),
postgres-#   (10632, 86, '2022-08-14'),
postgres-#   (10633, 20, '2022-08-15'),
postgres-#   (10634, 23, '2022-08-15'),
postgres-#   (10635, 49, '2022-08-18'),
postgres-#   (10636, 87, '2022-08-19'),
postgres-#   (10637, 62, '2022-08-19'),
postgres-#   (10638, 47, '2022-08-20'),
postgres-#   (10639, 70, '2022-08-20'),
postgres-#   (10640, 86, '2022-08-21'),
postgres-#   (10641, 35, '2022-08-22'),
postgres-#   (10642, 73, '2022-08-22'),
postgres-#   (10643, 1, '2022-08-25'),
postgres-#   (10644, 88, '2022-08-25'),
postgres-#   (10645, 34, '2022-08-26'),
postgres-#   (10646, 37, '2022-08-27'),
postgres-#   (10647, 61, '2022-08-27'),
postgres-#   (10648, 67, '2022-08-28'),
postgres-#   (10649, 50, '2022-08-28'),
postgres-#   (10650, 21, '2022-08-29'),
postgres-#   (10651, 86, '2022-09-01'),
postgres-#   (10652, 31, '2022-09-01'),
postgres-#   (10653, 25, '2022-09-02'),
postgres-#   (10654, 5, '2022-09-02'),
postgres-#   (10655, 66, '2022-09-03'),
postgres-#   (10656, 32, '2022-09-04'),
postgres-#   (10657, 71, '2022-09-04'),
postgres-#   (10658, 63, '2022-09-05'),
postgres-#   (10659, 62, '2022-09-05'),
postgres-#   (10660, 36, '2022-09-08'),
postgres-#   (10661, 37, '2022-09-09'),
postgres-#   (10662, 48, '2022-09-09'),
postgres-#   (10663, 9, '2022-09-10'),
postgres-#   (10664, 28, '2022-09-10'),
postgres-#   (10665, 48, '2022-09-11'),
postgres-#   (10666, 68, '2022-09-12'),
postgres-#   (10667, 20, '2022-09-12'),
postgres-#   (10668, 86, '2022-09-15'),
postgres-#   (10669, 73, '2022-09-15'),
postgres-#   (10670, 25, '2022-09-16'),
postgres-#   (10671, 26, '2022-09-17'),
postgres-#   (10672, 5, '2022-09-17'),
postgres-#   (10673, 90, '2022-09-18'),
postgres-#   (10674, 38, '2022-09-18'),
postgres-#   (10675, 25, '2022-09-19'),
postgres-#   (10676, 80, '2022-09-22'),
postgres-#   (10677, 3, '2022-09-22'),
postgres-#   (10678, 71, '2022-09-23'),
postgres-#   (10679, 7, '2022-09-23'),
postgres-#   (10680, 55, '2022-09-24'),
postgres-#   (10681, 32, '2022-09-25'),
postgres-#   (10682, 3, '2022-09-25'),
postgres-#   (10683, 18, '2022-09-26'),
postgres-#   (10684, 56, '2022-09-26'),
postgres-#   (10685, 31, '2022-09-29'),
postgres-#   (10686, 59, '2022-09-30'),
postgres-#   (10687, 37, '2022-09-30'),
postgres-#   (10688, 83, '2022-10-01'),
postgres-#   (10689, 5, '2022-10-01'),
postgres-#   (10690, 34, '2022-10-02'),
postgres-#   (10691, 63, '2022-10-03'),
postgres-#   (10692, 1, '2022-10-03'),
postgres-#   (10693, 89, '2022-10-06'),
postgres-#   (10694, 63, '2022-10-06'),
postgres-#   (10695, 90, '2022-10-07'),
postgres-#   (10696, 89, '2022-10-08'),
postgres-#   (10697, 47, '2022-10-08'),
postgres-#   (10698, 20, '2022-10-09'),
postgres-#   (10699, 52, '2022-10-09'),
postgres-#   (10700, 71, '2022-10-10'),
postgres-#   (10701, 37, '2022-10-13'),
postgres-#   (10702, 1, '2022-10-13'),
postgres-#   (10703, 24, '2022-10-14'),
postgres-#   (10704, 62, '2022-10-14'),
postgres-#   (10705, 35, '2022-10-15'),
postgres-#   (10706, 55, '2022-10-16'),
postgres-#   (10707, 4, '2022-10-16'),
postgres-#   (10708, 77, '2022-10-17'),
postgres-#   (10709, 31, '2022-10-17'),
postgres-#   (10710, 27, '2022-10-20'),
postgres-#   (10711, 71, '2022-10-21'),
postgres-#   (10712, 37, '2022-10-21'),
postgres-#   (10713, 71, '2022-10-22'),
postgres-#   (10714, 71, '2022-10-22'),
postgres-#   (10715, 9, '2022-10-23'),
postgres-#   (10716, 64, '2022-10-24'),
postgres-#   (10717, 25, '2022-10-24'),
postgres-#   (10718, 39, '2022-10-27'),
postgres-#   (10719, 45, '2022-10-27'),
postgres-#   (10720, 61, '2022-10-28'),
postgres-#   (10721, 63, '2022-10-29'),
postgres-#   (10722, 71, '2022-10-29'),
postgres-#   (10723, 89, '2022-10-30'),
postgres-#   (10724, 51, '2022-10-30'),
postgres-#   (10725, 21, '2022-10-31'),
postgres-#   (10726, 19, '2022-11-03'),
postgres-#   (10727, 66, '2022-11-03'),
postgres-#   (10728, 62, '2022-11-04'),
postgres-#   (10729, 47, '2022-11-04'),
postgres-#   (10730, 9, '2022-11-05'),
postgres-#   (10731, 14, '2022-11-06'),
postgres-#   (10732, 9, '2022-11-06'),
postgres-#   (10733, 5, '2022-11-07'),
postgres-#   (10734, 31, '2022-11-07'),
postgres-#   (10735, 45, '2022-11-10'),
postgres-#   (10736, 37, '2022-11-11'),
postgres-#   (10737, 85, '2022-11-11'),
postgres-#   (10738, 74, '2022-11-12'),
postgres-#   (10739, 85, '2022-11-12'),
postgres-#   (10740, 89, '2022-11-13'),
postgres-#   (10741, 4, '2022-11-14'),
postgres-#   (10742, 10, '2022-11-14'),
postgres-#   (10743, 4, '2022-11-17'),
postgres-#   (10744, 83, '2022-11-17'),
postgres-#   (10745, 63, '2022-11-18'),
postgres-#   (10746, 14, '2022-11-19'),
postgres-#   (10747, 59, '2022-11-19'),
postgres-#   (10748, 71, '2022-11-20'),
postgres-#   (10749, 38, '2022-11-20'),
postgres-#   (10750, 87, '2022-11-21'),
postgres-#   (10751, 68, '2022-11-24'),
postgres-#   (10752, 53, '2022-11-24'),
postgres-#   (10753, 27, '2022-11-25'),
postgres-#   (10754, 49, '2022-11-25'),
postgres-#   (10755, 9, '2022-11-26'),
postgres-#   (10756, 75, '2022-11-27'),
postgres-#   (10757, 71, '2022-11-27'),
postgres-#   (10758, 68, '2022-11-28'),
postgres-#   (10759, 2, '2022-11-28'),
postgres-#   (10760, 50, '2022-12-01'),
postgres-#   (10761, 65, '2022-12-02'),
postgres-#   (10762, 24, '2022-12-02'),
postgres-#   (10763, 23, '2022-12-03'),
postgres-#   (10764, 20, '2022-12-03'),
postgres-#   (10765, 63, '2022-12-04'),
postgres-#   (10766, 56, '2022-12-05'),
postgres-#   (10767, 76, '2022-12-05'),
postgres-#   (10768, 4, '2022-12-08'),
postgres-#   (10769, 83, '2022-12-08'),
postgres-#   (10770, 34, '2022-12-09'),
postgres-#   (10771, 20, '2022-12-10'),
postgres-#   (10772, 44, '2022-12-10'),
postgres-#   (10773, 20, '2022-12-11'),
postgres-#   (10774, 24, '2022-12-11'),
postgres-#   (10775, 78, '2022-12-12'),
postgres-#   (10776, 20, '2022-12-15'),
postgres-#   (10777, 31, '2022-12-15'),
postgres-#   (10778, 5, '2022-12-16'),
postgres-#   (10779, 52, '2022-12-16'),
postgres-#   (10780, 46, '2022-12-16'),
postgres-#   (10781, 87, '2022-12-17'),
postgres-#   (10782, 12, '2022-12-17'),
postgres-#   (10783, 34, '2022-12-18'),
postgres-#   (10784, 49, '2022-12-18'),
postgres-#   (10785, 33, '2022-12-18'),
postgres-#   (10786, 62, '2022-12-19'),
postgres-#   (10787, 41, '2022-12-19'),
postgres-#   (10788, 63, '2022-12-22'),
postgres-#   (10789, 23, '2022-12-22'),
postgres-#   (10790, 31, '2022-12-22'),
postgres-#   (10791, 25, '2022-12-23'),
postgres-#   (10792, 91, '2022-12-23'),
postgres-#   (10793, 4, '2022-12-24'),
postgres-#   (10794, 61, '2022-12-24'),
postgres-#   (10795, 20, '2022-12-24'),
postgres-#   (10796, 35, '2022-12-25'),
postgres-#   (10797, 17, '2022-12-25'),
postgres-#   (10798, 38, '2022-12-26'),
postgres-#   (10799, 39, '2022-12-26'),
postgres-#   (10800, 72, '2022-12-26'),
postgres-#   (10801, 8, '2022-12-29'),
postgres-#   (10802, 73, '2022-12-29'),
postgres-#   (10803, 88, '2022-12-30'),
postgres-#   (10804, 72, '2022-12-30'),
postgres-#   (10805, 77, '2022-12-30'),
postgres-#   (10806, 84, '2022-12-31'),
postgres-#   (10807, 27, '2022-12-31'),
postgres-#   (10808, 60, '2023-01-01'),
postgres-#   (10809, 88, '2023-01-01'),
postgres-#   (10810, 42, '2023-01-01'),
postgres-#   (10811, 47, '2023-01-02'),
postgres-#   (10812, 66, '2023-01-02'),
postgres-#   (10813, 67, '2023-01-05'),
postgres-#   (10814, 84, '2023-01-05'),
postgres-#   (10815, 71, '2023-01-05'),
postgres-#   (10816, 32, '2023-01-06'),
postgres-#   (10817, 39, '2023-01-06'),
postgres-#   (10818, 49, '2023-01-07'),
postgres-#   (10819, 12, '2023-01-07'),
postgres-#   (10820, 65, '2023-01-07'),
postgres-#   (10821, 75, '2023-01-08'),
postgres-#   (10822, 82, '2023-01-08'),
postgres-#   (10823, 46, '2023-01-09'),
postgres-#   (10824, 24, '2023-01-09'),
postgres-#   (10825, 17, '2023-01-09'),
postgres-#   (10826, 7, '2023-01-12'),
postgres-#   (10827, 9, '2023-01-12'),
postgres-#   (10828, 64, '2023-01-13'),
postgres-#   (10829, 38, '2023-01-13'),
postgres-#   (10830, 81, '2023-01-13'),
postgres-#   (10831, 70, '2023-01-14'),
postgres-#   (10832, 41, '2023-01-14'),
postgres-#   (10833, 56, '2023-01-15'),
postgres-#   (10834, 81, '2023-01-15'),
postgres-#   (10835, 1, '2023-01-15'),
postgres-#   (10836, 20, '2023-01-16'),
postgres-#   (10837, 5, '2023-01-16'),
postgres-#   (10838, 47, '2023-01-19'),
postgres-#   (10839, 81, '2023-01-19'),
postgres-#   (10840, 47, '2023-01-19'),
postgres-#   (10841, 76, '2023-01-20'),
postgres-#   (10842, 80, '2023-01-20'),
postgres-#   (10843, 84, '2023-01-21'),
postgres-#   (10844, 59, '2023-01-21'),
postgres-#   (10845, 63, '2023-01-21'),
postgres-#   (10846, 76, '2023-01-22'),
postgres-#   (10847, 71, '2023-01-22'),
postgres-#   (10848, 16, '2023-01-23'),
postgres-#   (10849, 39, '2023-01-23'),
postgres-#   (10850, 84, '2023-01-23'),
postgres-#   (10851, 67, '2023-01-26'),
postgres-#   (10852, 65, '2023-01-26'),
postgres-#   (10853, 6, '2023-01-27'),
postgres-#   (10854, 20, '2023-01-27'),
postgres-#   (10855, 55, '2023-01-27'),
postgres-#   (10856, 3, '2023-01-28'),
postgres-#   (10857, 5, '2023-01-28'),
postgres-#   (10858, 40, '2023-01-29'),
postgres-#   (10859, 25, '2023-01-29'),
postgres-#   (10860, 26, '2023-01-29'),
postgres-#   (10861, 89, '2023-01-30'),
postgres-#   (10862, 44, '2023-01-30'),
postgres-#   (10863, 35, '2023-02-02'),
postgres-#   (10864, 4, '2023-02-02'),
postgres-#   (10865, 63, '2023-02-02'),
postgres-#   (10866, 5, '2023-02-03'),
postgres-#   (10867, 48, '2023-02-03'),
postgres-#   (10868, 62, '2023-02-04'),
postgres-#   (10869, 72, '2023-02-04'),
postgres-#   (10870, 91, '2023-02-04'),
postgres-#   (10871, 9, '2023-02-05'),
postgres-#   (10872, 30, '2023-02-05'),
postgres-#   (10873, 90, '2023-02-06'),
postgres-#   (10874, 30, '2023-02-06'),
postgres-#   (10875, 5, '2023-02-06'),
postgres-#   (10876, 9, '2023-02-09'),
postgres-#   (10877, 67, '2023-02-09'),
postgres-#   (10878, 63, '2023-02-10'),
postgres-#   (10879, 90, '2023-02-10'),
postgres-#   (10880, 24, '2023-02-10'),
postgres-#   (10881, 12, '2023-02-11'),
postgres-#   (10882, 71, '2023-02-11'),
postgres-#   (10883, 48, '2023-02-12'),
postgres-#   (10884, 45, '2023-02-12'),
postgres-#   (10885, 76, '2023-02-12'),
postgres-#   (10886, 34, '2023-02-13'),
postgres-#   (10887, 29, '2023-02-13'),
postgres-#   (10888, 30, '2023-02-16'),
postgres-#   (10889, 65, '2023-02-16'),
postgres-#   (10890, 18, '2023-02-16'),
postgres-#   (10891, 44, '2023-02-17'),
postgres-#   (10892, 50, '2023-02-17'),
postgres-#   (10893, 39, '2023-02-18'),
postgres-#   (10894, 71, '2023-02-18'),
postgres-#   (10895, 20, '2023-02-18'),
postgres-#   (10896, 50, '2023-02-19'),
postgres-#   (10897, 37, '2023-02-19'),
postgres-#   (10898, 54, '2023-02-20'),
postgres-#   (10899, 46, '2023-02-20'),
postgres-#   (10900, 88, '2023-02-20'),
postgres-#   (10901, 35, '2023-02-23'),
postgres-#   (10902, 24, '2023-02-23'),
postgres-#   (10903, 34, '2023-02-24'),
postgres-#   (10904, 89, '2023-02-24'),
postgres-#   (10905, 88, '2023-02-24'),
postgres-#   (10906, 91, '2023-02-25'),
postgres-#   (10907, 74, '2023-02-25'),
postgres-#   (10908, 66, '2023-02-26'),
postgres-#   (10909, 70, '2023-02-26'),
postgres-#   (10910, 90, '2023-02-26'),
postgres-#   (10911, 30, '2023-02-26'),
postgres-#   (10912, 37, '2023-02-26'),
postgres-#   (10913, 62, '2023-02-26'),
postgres-#   (10914, 62, '2023-02-27'),
postgres-#   (10915, 80, '2023-02-27'),
postgres-#   (10916, 64, '2023-02-27'),
postgres-#   (10917, 69, '2023-03-02'),
postgres-#   (10918, 10, '2023-03-02'),
postgres-#   (10919, 47, '2023-03-02'),
postgres-#   (10920, 4, '2023-03-03'),
postgres-#   (10921, 83, '2023-03-03'),
postgres-#   (10922, 34, '2023-03-03'),
postgres-#   (10923, 41, '2023-03-03'),
postgres-#   (10924, 5, '2023-03-04'),
postgres-#   (10925, 34, '2023-03-04'),
postgres-#   (10926, 2, '2023-03-04'),
postgres-#   (10927, 40, '2023-03-05'),
postgres-#   (10928, 29, '2023-03-05'),
postgres-#   (10929, 25, '2023-03-05'),
postgres-#   (10930, 76, '2023-03-06'),
postgres-#   (10931, 68, '2023-03-06'),
postgres-#   (10932, 9, '2023-03-06'),
postgres-#   (10933, 38, '2023-03-06'),
postgres-#   (10934, 44, '2023-03-09'),
postgres-#   (10935, 88, '2023-03-09'),
postgres-#   (10936, 32, '2023-03-09'),
postgres-#   (10937, 12, '2023-03-10'),
postgres-#   (10938, 63, '2023-03-10'),
postgres-#   (10939, 49, '2023-03-10'),
postgres-#   (10940, 9, '2023-03-11'),
postgres-#   (10941, 71, '2023-03-11'),
postgres-#   (10942, 66, '2023-03-11'),
postgres-#   (10943, 11, '2023-03-11'),
postgres-#   (10944, 10, '2023-03-12'),
postgres-#   (10945, 52, '2023-03-12'),
postgres-#   (10946, 83, '2023-03-12'),
postgres-#   (10947, 11, '2023-03-13'),
postgres-#   (10948, 30, '2023-03-13'),
postgres-#   (10949, 10, '2023-03-13'),
postgres-#   (10950, 49, '2023-03-16'),
postgres-#   (10951, 68, '2023-03-16'),
postgres-#   (10952, 1, '2023-03-16'),
postgres-#   (10953, 4, '2023-03-16'),
postgres-#   (10954, 47, '2023-03-17'),
postgres-#   (10955, 24, '2023-03-17'),
postgres-#   (10956, 6, '2023-03-17'),
postgres-#   (10957, 35, '2023-03-18'),
postgres-#   (10958, 54, '2023-03-18'),
postgres-#   (10959, 31, '2023-03-18'),
postgres-#   (10960, 35, '2023-03-19'),
postgres-#   (10961, 62, '2023-03-19'),
postgres-#   (10962, 63, '2023-03-19'),
postgres-#   (10963, 28, '2023-03-19'),
postgres-#   (10964, 74, '2023-03-20'),
postgres-#   (10965, 55, '2023-03-20'),
postgres-#   (10966, 14, '2023-03-20'),
postgres-#   (10967, 79, '2023-03-23'),
postgres-#   (10968, 20, '2023-03-23'),
postgres-#   (10969, 15, '2023-03-23'),
postgres-#   (10970, 8, '2023-03-24'),
postgres-#   (10971, 26, '2023-03-24'),
postgres-#   (10972, 40, '2023-03-24'),
postgres-#   (10973, 40, '2023-03-24'),
postgres-#   (10974, 75, '2023-03-25'),
postgres-#   (10975, 10, '2023-03-25'),
postgres-#   (10976, 35, '2023-03-25'),
postgres-#   (10977, 24, '2023-03-26'),
postgres-#   (10978, 50, '2023-03-26'),
postgres-#   (10979, 20, '2023-03-26'),
postgres-#   (10980, 24, '2023-03-27'),
postgres-#   (10981, 34, '2023-03-27'),
postgres-#   (10982, 10, '2023-03-27'),
postgres-#   (10983, 71, '2023-03-27'),
postgres-#   (10984, 71, '2023-03-30'),
postgres-#   (10985, 37, '2023-03-30'),
postgres-#   (10986, 54, '2023-03-30'),
postgres-#   (10987, 19, '2023-03-31'),
postgres-#   (10988, 65, '2023-03-31'),
postgres-#   (10989, 61, '2023-03-31'),
postgres-#   (10990, 20, '2023-04-01'),
postgres-#   (10991, 63, '2023-04-01'),
postgres-#   (10992, 77, '2023-04-01'),
postgres-#   (10993, 24, '2023-04-01'),
postgres-#   (10994, 83, '2023-04-02'),
postgres-#   (10995, 58, '2023-04-02'),
postgres-#   (10996, 63, '2023-04-02'),
postgres-#   (10997, 46, '2023-04-03'),
postgres-#   (10998, 91, '2023-04-03'),
postgres-#   (10999, 56, '2023-04-03'),
postgres-#   (11000, 65, '2023-04-06'),
postgres-#   (11001, 24, '2023-04-06'),
postgres-#   (11002, 71, '2023-04-06'),
postgres-#   (11003, 78, '2023-04-06'),
postgres-#   (11004, 50, '2023-04-07'),
postgres-#   (11005, 90, '2023-04-07'),
postgres-#   (11006, 32, '2023-04-07'),
postgres-#   (11007, 60, '2023-04-08'),
postgres-#   (11008, 20, '2023-04-08'),
postgres-#   (11009, 30, '2023-04-08'),
postgres-#   (11010, 66, '2023-04-09'),
postgres-#   (11011, 1, '2023-04-09'),
postgres-#   (11012, 25, '2023-04-09'),
postgres-#   (11013, 69, '2023-04-09'),
postgres-#   (11014, 47, '2023-04-10'),
postgres-#   (11015, 70, '2023-04-10'),
postgres-#   (11016, 4, '2023-04-10'),
postgres-#   (11017, 20, '2023-04-13'),
postgres-#   (11018, 48, '2023-04-13'),
postgres-#   (11019, 64, '2023-04-13'),
postgres-#   (11020, 56, '2023-04-14'),
postgres-#   (11021, 63, '2023-04-14'),
postgres-#   (11022, 34, '2023-04-14'),
postgres-#   (11023, 11, '2023-04-14'),
postgres-#   (11024, 19, '2023-04-15'),
postgres-#   (11025, 87, '2023-04-15'),
postgres-#   (11026, 27, '2023-04-15'),
postgres-#   (11027, 10, '2023-04-16'),
postgres-#   (11028, 39, '2023-04-16'),
postgres-#   (11029, 14, '2023-04-16'),
postgres-#   (11030, 71, '2023-04-17'),
postgres-#   (11031, 71, '2023-04-17'),
postgres-#   (11032, 89, '2023-04-17'),
postgres-#   (11033, 68, '2023-04-17'),
postgres-#   (11034, 55, '2023-04-20'),
postgres-#   (11035, 76, '2023-04-20'),
postgres-#   (11036, 17, '2023-04-20'),
postgres-#   (11037, 30, '2023-04-21'),
postgres-#   (11038, 76, '2023-04-21'),
postgres-#   (11039, 47, '2023-04-21'),
postgres-#   (11040, 32, '2023-04-22'),
postgres-#   (11041, 14, '2023-04-22'),
postgres-#   (11042, 15, '2023-04-22'),
postgres-#   (11043, 74, '2023-04-22'),
postgres-#   (11044, 91, '2023-04-23'),
postgres-#   (11045, 10, '2023-04-23'),
postgres-#   (11046, 86, '2023-04-23'),
postgres-#   (11047, 19, '2023-04-24'),
postgres-#   (11048, 10, '2023-04-24'),
postgres-#   (11049, 31, '2023-04-24'),
postgres-#   (11050, 24, '2023-04-27'),
postgres-#   (11051, 41, '2023-04-27'),
postgres-#   (11052, 34, '2023-04-27'),
postgres-#   (11053, 59, '2023-04-27'),
postgres-#   (11054, 12, '2023-04-28'),
postgres-#   (11055, 35, '2023-04-28'),
postgres-#   (11056, 19, '2023-04-28'),
postgres-#   (11057, 53, '2023-04-29'),
postgres-#   (11058, 6, '2023-04-29'),
postgres-#   (11059, 67, '2023-04-29'),
postgres-#   (11060, 27, '2023-04-30'),
postgres-#   (11061, 32, '2023-04-30'),
postgres-#   (11062, 66, '2023-04-30'),
postgres-#   (11063, 37, '2023-04-30'),
postgres-#   (11064, 71, '2023-05-01'),
postgres-#   (11065, 46, '2023-05-01'),
postgres-#   (11066, 89, '2023-05-01'),
postgres-#   (11067, 17, '2023-05-04'),
postgres-#   (11068, 62, '2023-05-04'),
postgres-#   (11069, 80, '2023-05-04'),
postgres-#   (11070, 44, '2023-05-05'),
postgres-#   (11071, 46, '2023-05-05'),
postgres-#   (11072, 20, '2023-05-05'),
postgres-#   (11073, 58, '2023-05-05'),
postgres-#   (11074, 73, '2023-05-06'),
postgres-#   (11075, 68, '2023-05-06'),
postgres-#   (11076, 9, '2023-05-06'),
postgres-#   (11077, 65, '2023-05-06');
INSERT 0 830
postgres=# CREATE TABLE order_details (
postgres(#   order_detail_id SERIAL NOT NULL PRIMARY KEY,
postgres(#   order_id INT,
postgres(#   product_id INT,
postgres(#   quantity INT
postgres(# );
CREATE TABLE
postgres=# INSERT INTO order_details (order_id, product_id, quantity)
postgres-# VALUES
postgres-#   (10248, 11, 12),
postgres-#   (10248, 42, 10),
postgres-#   (10248, 72, 5),
postgres-#   (10249, 14, 9),
postgres-#   (10249, 51, 40),
postgres-#   (10250, 41, 10),
postgres-#   (10250, 51, 35),
postgres-#   (10250, 65, 15),
postgres-#   (10251, 22, 6),
postgres-#   (10251, 57, 15),
postgres-#   (10251, 65, 20),
postgres-#   (10252, 20, 40),
postgres-#   (10252, 33, 25),
postgres-#   (10252, 60, 40),
postgres-#   (10253, 31, 20),
postgres-#   (10253, 39, 42),
postgres-#   (10253, 49, 40),
postgres-#   (10254, 24, 15),
postgres-#   (10254, 55, 21),
postgres-#   (10254, 74, 21),
postgres-#   (10255, 2, 20),
postgres-#   (10255, 16, 35),
postgres-#   (10255, 36, 25),
postgres-#   (10255, 59, 30),
postgres-#   (10256, 53, 15),
postgres-#   (10256, 77, 12),
postgres-#   (10257, 27, 25),
postgres-#   (10257, 39, 6),
postgres-#   (10257, 77, 15),
postgres-#   (10258, 2, 50),
postgres-#   (10258, 5, 65),
postgres-#   (10258, 32, 6),
postgres-#   (10259, 21, 10),
postgres-#   (10259, 37, 1),
postgres-#   (10260, 41, 16),
postgres-#   (10260, 57, 50),
postgres-#   (10260, 62, 15),
postgres-#   (10260, 70, 21),
postgres-#   (10261, 21, 20),
postgres-#   (10261, 35, 20),
postgres-#   (10262, 5, 12),
postgres-#   (10262, 7, 15),
postgres-#   (10262, 56, 2),
postgres-#   (10263, 16, 60),
postgres-#   (10263, 24, 28),
postgres-#   (10263, 30, 60),
postgres-#   (10263, 74, 36),
postgres-#   (10264, 2, 35),
postgres-#   (10264, 41, 25),
postgres-#   (10265, 17, 30),
postgres-#   (10265, 70, 20),
postgres-#   (10266, 12, 12),
postgres-#   (10267, 40, 50),
postgres-#   (10267, 59, 70),
postgres-#   (10267, 76, 15),
postgres-#   (10268, 29, 10),
postgres-#   (10268, 72, 4),
postgres-#   (10269, 33, 60),
postgres-#   (10269, 72, 20),
postgres-#   (10270, 36, 30),
postgres-#   (10270, 43, 25),
postgres-#   (10271, 33, 24),
postgres-#   (10272, 20, 6),
postgres-#   (10272, 31, 40),
postgres-#   (10272, 72, 24),
postgres-#   (10273, 10, 24),
postgres-#   (10273, 31, 15),
postgres-#   (10273, 33, 20),
postgres-#   (10273, 40, 60),
postgres-#   (10273, 76, 33),
postgres-#   (10274, 71, 20),
postgres-#   (10274, 72, 7),
postgres-#   (10275, 24, 12),
postgres-#   (10275, 59, 6),
postgres-#   (10276, 10, 15),
postgres-#   (10276, 13, 10),
postgres-#   (10277, 28, 20),
postgres-#   (10277, 62, 12),
postgres-#   (10278, 44, 16),
postgres-#   (10278, 59, 15),
postgres-#   (10278, 63, 8),
postgres-#   (10278, 73, 25),
postgres-#   (10279, 17, 15),
postgres-#   (10280, 24, 12),
postgres-#   (10280, 55, 20),
postgres-#   (10280, 75, 30),
postgres-#   (10281, 19, 1),
postgres-#   (10281, 24, 6),
postgres-#   (10281, 35, 4),
postgres-#   (10282, 30, 6),
postgres-#   (10282, 57, 2),
postgres-#   (10283, 15, 20),
postgres-#   (10283, 19, 18),
postgres-#   (10283, 60, 35),
postgres-#   (10283, 72, 3),
postgres-#   (10284, 27, 15),
postgres-#   (10284, 44, 21),
postgres-#   (10284, 60, 20),
postgres-#   (10284, 67, 5),
postgres-#   (10285, 1, 45),
postgres-#   (10285, 40, 40),
postgres-#   (10285, 53, 36),
postgres-#   (10286, 35, 100),
postgres-#   (10286, 62, 40),
postgres-#   (10287, 16, 40),
postgres-#   (10287, 34, 20),
postgres-#   (10287, 46, 15),
postgres-#   (10288, 54, 10),
postgres-#   (10288, 68, 3),
postgres-#   (10289, 3, 30),
postgres-#   (10289, 64, 9),
postgres-#   (10290, 5, 20),
postgres-#   (10290, 29, 15),
postgres-#   (10290, 49, 15),
postgres-#   (10290, 77, 10),
postgres-#   (10291, 13, 20),
postgres-#   (10291, 44, 24),
postgres-#   (10291, 51, 2),
postgres-#   (10292, 20, 20),
postgres-#   (10293, 18, 12),
postgres-#   (10293, 24, 10),
postgres-#   (10293, 63, 5),
postgres-#   (10293, 75, 6),
postgres-#   (10294, 1, 18),
postgres-#   (10294, 17, 15),
postgres-#   (10294, 43, 15),
postgres-#   (10294, 60, 21),
postgres-#   (10294, 75, 6),
postgres-#   (10295, 56, 4),
postgres-#   (10296, 11, 12),
postgres-#   (10296, 16, 30),
postgres-#   (10296, 69, 15),
postgres-#   (10297, 39, 60),
postgres-#   (10297, 72, 20),
postgres-#   (10298, 2, 40),
postgres-#   (10298, 36, 40),
postgres-#   (10298, 59, 30),
postgres-#   (10298, 62, 15),
postgres-#   (10299, 19, 15),
postgres-#   (10299, 70, 20),
postgres-#   (10300, 66, 30),
postgres-#   (10300, 68, 20),
postgres-#   (10301, 40, 10),
postgres-#   (10301, 56, 20),
postgres-#   (10302, 17, 40),
postgres-#   (10302, 28, 28),
postgres-#   (10302, 43, 12),
postgres-#   (10303, 40, 40),
postgres-#   (10303, 65, 30),
postgres-#   (10303, 68, 15),
postgres-#   (10304, 49, 30),
postgres-#   (10304, 59, 10),
postgres-#   (10304, 71, 2),
postgres-#   (10305, 18, 25),
postgres-#   (10305, 29, 25),
postgres-#   (10305, 39, 30),
postgres-#   (10306, 30, 10),
postgres-#   (10306, 53, 10),
postgres-#   (10306, 54, 5),
postgres-#   (10307, 62, 10),
postgres-#   (10307, 68, 3),
postgres-#   (10308, 69, 1),
postgres-#   (10308, 70, 5),
postgres-#   (10309, 4, 20),
postgres-#   (10309, 6, 30),
postgres-#   (10309, 42, 2),
postgres-#   (10309, 43, 20),
postgres-#   (10309, 71, 3),
postgres-#   (10310, 16, 10),
postgres-#   (10310, 62, 5),
postgres-#   (10311, 42, 6),
postgres-#   (10311, 69, 7),
postgres-#   (10312, 28, 4),
postgres-#   (10312, 43, 24),
postgres-#   (10312, 53, 20),
postgres-#   (10312, 75, 10),
postgres-#   (10313, 36, 12),
postgres-#   (10314, 32, 40),
postgres-#   (10314, 58, 30),
postgres-#   (10314, 62, 25),
postgres-#   (10315, 34, 14),
postgres-#   (10315, 70, 30),
postgres-#   (10316, 41, 10),
postgres-#   (10316, 62, 70),
postgres-#   (10317, 1, 20),
postgres-#   (10318, 41, 20),
postgres-#   (10318, 76, 6),
postgres-#   (10319, 17, 8),
postgres-#   (10319, 28, 14),
postgres-#   (10319, 76, 30),
postgres-#   (10320, 71, 30),
postgres-#   (10321, 35, 10),
postgres-#   (10322, 52, 20),
postgres-#   (10323, 15, 5),
postgres-#   (10323, 25, 4),
postgres-#   (10323, 39, 4),
postgres-#   (10324, 16, 21),
postgres-#   (10324, 35, 70),
postgres-#   (10324, 46, 30),
postgres-#   (10324, 59, 40),
postgres-#   (10324, 63, 80),
postgres-#   (10325, 6, 6),
postgres-#   (10325, 13, 12),
postgres-#   (10325, 14, 9),
postgres-#   (10325, 31, 4),
postgres-#   (10325, 72, 40),
postgres-#   (10326, 4, 24),
postgres-#   (10326, 57, 16),
postgres-#   (10326, 75, 50),
postgres-#   (10327, 2, 25),
postgres-#   (10327, 11, 50),
postgres-#   (10327, 30, 35),
postgres-#   (10327, 58, 30),
postgres-#   (10328, 59, 9),
postgres-#   (10328, 65, 40),
postgres-#   (10328, 68, 10),
postgres-#   (10329, 19, 10),
postgres-#   (10329, 30, 8),
postgres-#   (10329, 38, 20),
postgres-#   (10329, 56, 12),
postgres-#   (10330, 26, 50),
postgres-#   (10330, 72, 25),
postgres-#   (10331, 54, 15),
postgres-#   (10332, 18, 40),
postgres-#   (10332, 42, 10),
postgres-#   (10332, 47, 16),
postgres-#   (10333, 14, 10),
postgres-#   (10333, 21, 10),
postgres-#   (10333, 71, 40),
postgres-#   (10334, 52, 8),
postgres-#   (10334, 68, 10),
postgres-#   (10335, 2, 7),
postgres-#   (10335, 31, 25),
postgres-#   (10335, 32, 6),
postgres-#   (10335, 51, 48),
postgres-#   (10336, 4, 18),
postgres-#   (10337, 23, 40),
postgres-#   (10337, 26, 24),
postgres-#   (10337, 36, 20),
postgres-#   (10337, 37, 28),
postgres-#   (10337, 72, 25),
postgres-#   (10338, 17, 20),
postgres-#   (10338, 30, 15),
postgres-#   (10339, 4, 10),
postgres-#   (10339, 17, 70),
postgres-#   (10339, 62, 28),
postgres-#   (10340, 18, 20),
postgres-#   (10340, 41, 12),
postgres-#   (10340, 43, 40),
postgres-#   (10341, 33, 8),
postgres-#   (10341, 59, 9),
postgres-#   (10342, 2, 24),
postgres-#   (10342, 31, 56),
postgres-#   (10342, 36, 40),
postgres-#   (10342, 55, 40),
postgres-#   (10343, 64, 50),
postgres-#   (10343, 68, 4),
postgres-#   (10343, 76, 15),
postgres-#   (10344, 4, 35),
postgres-#   (10344, 8, 70),
postgres-#   (10345, 8, 70),
postgres-#   (10345, 19, 80),
postgres-#   (10345, 42, 9),
postgres-#   (10346, 17, 36),
postgres-#   (10346, 56, 20),
postgres-#   (10347, 25, 10),
postgres-#   (10347, 39, 50),
postgres-#   (10347, 40, 4),
postgres-#   (10347, 75, 6),
postgres-#   (10348, 1, 15),
postgres-#   (10348, 23, 25),
postgres-#   (10349, 54, 24),
postgres-#   (10350, 50, 15),
postgres-#   (10350, 69, 18),
postgres-#   (10351, 38, 20),
postgres-#   (10351, 41, 13),
postgres-#   (10351, 44, 77),
postgres-#   (10351, 65, 10),
postgres-#   (10352, 24, 10),
postgres-#   (10352, 54, 20),
postgres-#   (10353, 11, 12),
postgres-#   (10353, 38, 50),
postgres-#   (10354, 1, 12),
postgres-#   (10354, 29, 4),
postgres-#   (10355, 24, 25),
postgres-#   (10355, 57, 25),
postgres-#   (10356, 31, 30),
postgres-#   (10356, 55, 12),
postgres-#   (10356, 69, 20),
postgres-#   (10357, 10, 30),
postgres-#   (10357, 26, 16),
postgres-#   (10357, 60, 8),
postgres-#   (10358, 24, 10),
postgres-#   (10358, 34, 10),
postgres-#   (10358, 36, 20),
postgres-#   (10359, 16, 56),
postgres-#   (10359, 31, 70),
postgres-#   (10359, 60, 80),
postgres-#   (10360, 28, 30),
postgres-#   (10360, 29, 35),
postgres-#   (10360, 38, 10),
postgres-#   (10360, 49, 35),
postgres-#   (10360, 54, 28),
postgres-#   (10361, 39, 54),
postgres-#   (10361, 60, 55),
postgres-#   (10362, 25, 50),
postgres-#   (10362, 51, 20),
postgres-#   (10362, 54, 24),
postgres-#   (10363, 31, 20),
postgres-#   (10363, 75, 12),
postgres-#   (10363, 76, 12),
postgres-#   (10364, 69, 30),
postgres-#   (10364, 71, 5),
postgres-#   (10365, 11, 24),
postgres-#   (10366, 65, 5),
postgres-#   (10366, 77, 5),
postgres-#   (10367, 34, 36),
postgres-#   (10367, 54, 18),
postgres-#   (10367, 65, 15),
postgres-#   (10367, 77, 7),
postgres-#   (10368, 21, 5),
postgres-#   (10368, 28, 13),
postgres-#   (10368, 57, 25),
postgres-#   (10368, 64, 35),
postgres-#   (10369, 29, 20),
postgres-#   (10369, 56, 18),
postgres-#   (10370, 1, 15),
postgres-#   (10370, 64, 30),
postgres-#   (10370, 74, 20),
postgres-#   (10371, 36, 6),
postgres-#   (10372, 20, 12),
postgres-#   (10372, 38, 40),
postgres-#   (10372, 60, 70),
postgres-#   (10372, 72, 42),
postgres-#   (10373, 58, 80),
postgres-#   (10373, 71, 50),
postgres-#   (10374, 31, 30),
postgres-#   (10374, 58, 15),
postgres-#   (10375, 14, 15),
postgres-#   (10375, 54, 10),
postgres-#   (10376, 31, 42),
postgres-#   (10377, 28, 20),
postgres-#   (10377, 39, 20),
postgres-#   (10378, 71, 6),
postgres-#   (10379, 41, 8),
postgres-#   (10379, 63, 16),
postgres-#   (10379, 65, 20),
postgres-#   (10380, 30, 18),
postgres-#   (10380, 53, 20),
postgres-#   (10380, 60, 6),
postgres-#   (10380, 70, 30),
postgres-#   (10381, 74, 14),
postgres-#   (10382, 5, 32),
postgres-#   (10382, 18, 9),
postgres-#   (10382, 29, 14),
postgres-#   (10382, 33, 60),
postgres-#   (10382, 74, 50),
postgres-#   (10383, 13, 20),
postgres-#   (10383, 50, 15),
postgres-#   (10383, 56, 20),
postgres-#   (10384, 20, 28),
postgres-#   (10384, 60, 15),
postgres-#   (10385, 7, 10),
postgres-#   (10385, 60, 20),
postgres-#   (10385, 68, 8),
postgres-#   (10386, 24, 15),
postgres-#   (10386, 34, 10),
postgres-#   (10387, 24, 15),
postgres-#   (10387, 28, 6),
postgres-#   (10387, 59, 12),
postgres-#   (10387, 71, 15),
postgres-#   (10388, 45, 15),
postgres-#   (10388, 52, 20),
postgres-#   (10388, 53, 40),
postgres-#   (10389, 10, 16),
postgres-#   (10389, 55, 15),
postgres-#   (10389, 62, 20),
postgres-#   (10389, 70, 30),
postgres-#   (10390, 31, 60),
postgres-#   (10390, 35, 40),
postgres-#   (10390, 46, 45),
postgres-#   (10390, 72, 24),
postgres-#   (10391, 13, 18),
postgres-#   (10392, 69, 50),
postgres-#   (10393, 2, 25),
postgres-#   (10393, 14, 42),
postgres-#   (10393, 25, 7),
postgres-#   (10393, 26, 70),
postgres-#   (10393, 31, 32),
postgres-#   (10394, 13, 10),
postgres-#   (10394, 62, 10),
postgres-#   (10395, 46, 28),
postgres-#   (10395, 53, 70),
postgres-#   (10395, 69, 8),
postgres-#   (10396, 23, 40),
postgres-#   (10396, 71, 60),
postgres-#   (10396, 72, 21),
postgres-#   (10397, 21, 10),
postgres-#   (10397, 51, 18),
postgres-#   (10398, 35, 30),
postgres-#   (10398, 55, 120),
postgres-#   (10399, 68, 60),
postgres-#   (10399, 71, 30),
postgres-#   (10399, 76, 35),
postgres-#   (10399, 77, 14),
postgres-#   (10400, 29, 21),
postgres-#   (10400, 35, 35),
postgres-#   (10400, 49, 30),
postgres-#   (10401, 30, 18),
postgres-#   (10401, 56, 70),
postgres-#   (10401, 65, 20),
postgres-#   (10401, 71, 60),
postgres-#   (10402, 23, 60),
postgres-#   (10402, 63, 65),
postgres-#   (10403, 16, 21),
postgres-#   (10403, 48, 70),
postgres-#   (10404, 26, 30),
postgres-#   (10404, 42, 40),
postgres-#   (10404, 49, 30),
postgres-#   (10405, 3, 50),
postgres-#   (10406, 1, 10),
postgres-#   (10406, 21, 30),
postgres-#   (10406, 28, 42),
postgres-#   (10406, 36, 5),
postgres-#   (10406, 40, 2),
postgres-#   (10407, 11, 30),
postgres-#   (10407, 69, 15),
postgres-#   (10407, 71, 15),
postgres-#   (10408, 37, 10),
postgres-#   (10408, 54, 6),
postgres-#   (10408, 62, 35),
postgres-#   (10409, 14, 12),
postgres-#   (10409, 21, 12),
postgres-#   (10410, 33, 49),
postgres-#   (10410, 59, 16),
postgres-#   (10411, 41, 25),
postgres-#   (10411, 44, 40),
postgres-#   (10411, 59, 9),
postgres-#   (10412, 14, 20),
postgres-#   (10413, 1, 24),
postgres-#   (10413, 62, 40),
postgres-#   (10413, 76, 14),
postgres-#   (10414, 19, 18),
postgres-#   (10414, 33, 50),
postgres-#   (10415, 17, 2),
postgres-#   (10415, 33, 20),
postgres-#   (10416, 19, 20),
postgres-#   (10416, 53, 10),
postgres-#   (10416, 57, 20),
postgres-#   (10417, 38, 50),
postgres-#   (10417, 46, 2),
postgres-#   (10417, 68, 36),
postgres-#   (10417, 77, 35),
postgres-#   (10418, 2, 60),
postgres-#   (10418, 47, 55),
postgres-#   (10418, 61, 16),
postgres-#   (10418, 74, 15),
postgres-#   (10419, 60, 60),
postgres-#   (10419, 69, 20),
postgres-#   (10420, 9, 20),
postgres-#   (10420, 13, 2),
postgres-#   (10420, 70, 8),
postgres-#   (10420, 73, 20),
postgres-#   (10421, 19, 4),
postgres-#   (10421, 26, 30),
postgres-#   (10421, 53, 15),
postgres-#   (10421, 77, 10),
postgres-#   (10422, 26, 2),
postgres-#   (10423, 31, 14),
postgres-#   (10423, 59, 20),
postgres-#   (10424, 35, 60),
postgres-#   (10424, 38, 49),
postgres-#   (10424, 68, 30),
postgres-#   (10425, 55, 10),
postgres-#   (10425, 76, 20),
postgres-#   (10426, 56, 5),
postgres-#   (10426, 64, 7),
postgres-#   (10427, 14, 35),
postgres-#   (10428, 46, 20),
postgres-#   (10429, 50, 40),
postgres-#   (10429, 63, 35),
postgres-#   (10430, 17, 45),
postgres-#   (10430, 21, 50),
postgres-#   (10430, 56, 30),
postgres-#   (10430, 59, 70),
postgres-#   (10431, 17, 50),
postgres-#   (10431, 40, 50),
postgres-#   (10431, 47, 30),
postgres-#   (10432, 26, 10),
postgres-#   (10432, 54, 40),
postgres-#   (10433, 56, 28),
postgres-#   (10434, 11, 6),
postgres-#   (10434, 76, 18),
postgres-#   (10435, 2, 10),
postgres-#   (10435, 22, 12),
postgres-#   (10435, 72, 10),
postgres-#   (10436, 46, 5),
postgres-#   (10436, 56, 40),
postgres-#   (10436, 64, 30),
postgres-#   (10436, 75, 24),
postgres-#   (10437, 53, 15),
postgres-#   (10438, 19, 15),
postgres-#   (10438, 34, 20),
postgres-#   (10438, 57, 15),
postgres-#   (10439, 12, 15),
postgres-#   (10439, 16, 16),
postgres-#   (10439, 64, 6),
postgres-#   (10439, 74, 30),
postgres-#   (10440, 2, 45),
postgres-#   (10440, 16, 49),
postgres-#   (10440, 29, 24),
postgres-#   (10440, 61, 90),
postgres-#   (10441, 27, 50),
postgres-#   (10442, 11, 30),
postgres-#   (10442, 54, 80),
postgres-#   (10442, 66, 60),
postgres-#   (10443, 11, 6),
postgres-#   (10443, 28, 12),
postgres-#   (10444, 17, 10),
postgres-#   (10444, 26, 15),
postgres-#   (10444, 35, 8),
postgres-#   (10444, 41, 30),
postgres-#   (10445, 39, 6),
postgres-#   (10445, 54, 15),
postgres-#   (10446, 19, 12),
postgres-#   (10446, 24, 20),
postgres-#   (10446, 31, 3),
postgres-#   (10446, 52, 15),
postgres-#   (10447, 19, 40),
postgres-#   (10447, 65, 35),
postgres-#   (10447, 71, 2),
postgres-#   (10448, 26, 6),
postgres-#   (10448, 40, 20),
postgres-#   (10449, 10, 14),
postgres-#   (10449, 52, 20),
postgres-#   (10449, 62, 35),
postgres-#   (10450, 10, 20),
postgres-#   (10450, 54, 6),
postgres-#   (10451, 55, 120),
postgres-#   (10451, 64, 35),
postgres-#   (10451, 65, 28),
postgres-#   (10451, 77, 55),
postgres-#   (10452, 28, 15),
postgres-#   (10452, 44, 100),
postgres-#   (10453, 48, 15),
postgres-#   (10453, 70, 25),
postgres-#   (10454, 16, 20),
postgres-#   (10454, 33, 20),
postgres-#   (10454, 46, 10),
postgres-#   (10455, 39, 20),
postgres-#   (10455, 53, 50),
postgres-#   (10455, 61, 25),
postgres-#   (10455, 71, 30),
postgres-#   (10456, 21, 40),
postgres-#   (10456, 49, 21),
postgres-#   (10457, 59, 36),
postgres-#   (10458, 26, 30),
postgres-#   (10458, 28, 30),
postgres-#   (10458, 43, 20),
postgres-#   (10458, 56, 15),
postgres-#   (10458, 71, 50),
postgres-#   (10459, 7, 16),
postgres-#   (10459, 46, 20),
postgres-#   (10459, 72, 40),
postgres-#   (10460, 68, 21),
postgres-#   (10460, 75, 4),
postgres-#   (10461, 21, 40),
postgres-#   (10461, 30, 28),
postgres-#   (10461, 55, 60),
postgres-#   (10462, 13, 1),
postgres-#   (10462, 23, 21),
postgres-#   (10463, 19, 21),
postgres-#   (10463, 42, 50),
postgres-#   (10464, 4, 16),
postgres-#   (10464, 43, 3),
postgres-#   (10464, 56, 30),
postgres-#   (10464, 60, 20),
postgres-#   (10465, 24, 25),
postgres-#   (10465, 29, 18),
postgres-#   (10465, 40, 20),
postgres-#   (10465, 45, 30),
postgres-#   (10465, 50, 25),
postgres-#   (10466, 11, 10),
postgres-#   (10466, 46, 5),
postgres-#   (10467, 24, 28),
postgres-#   (10467, 25, 12),
postgres-#   (10468, 30, 8),
postgres-#   (10468, 43, 15),
postgres-#   (10469, 2, 40),
postgres-#   (10469, 16, 35),
postgres-#   (10469, 44, 2),
postgres-#   (10470, 18, 30),
postgres-#   (10470, 23, 15),
postgres-#   (10470, 64, 8),
postgres-#   (10471, 7, 30),
postgres-#   (10471, 56, 20),
postgres-#   (10472, 24, 80),
postgres-#   (10472, 51, 18),
postgres-#   (10473, 33, 12),
postgres-#   (10473, 71, 12),
postgres-#   (10474, 14, 12),
postgres-#   (10474, 28, 18),
postgres-#   (10474, 40, 21),
postgres-#   (10474, 75, 10),
postgres-#   (10475, 31, 35),
postgres-#   (10475, 66, 60),
postgres-#   (10475, 76, 42),
postgres-#   (10476, 55, 2),
postgres-#   (10476, 70, 12),
postgres-#   (10477, 1, 15),
postgres-#   (10477, 21, 21),
postgres-#   (10477, 39, 20),
postgres-#   (10478, 10, 20),
postgres-#   (10479, 38, 30),
postgres-#   (10479, 53, 28),
postgres-#   (10479, 59, 60),
postgres-#   (10479, 64, 30),
postgres-#   (10480, 47, 30),
postgres-#   (10480, 59, 12),
postgres-#   (10481, 49, 24),
postgres-#   (10481, 60, 40),
postgres-#   (10482, 40, 10),
postgres-#   (10483, 34, 35),
postgres-#   (10483, 77, 30),
postgres-#   (10484, 21, 14),
postgres-#   (10484, 40, 10),
postgres-#   (10484, 51, 3),
postgres-#   (10485, 2, 20),
postgres-#   (10485, 3, 20),
postgres-#   (10485, 55, 30),
postgres-#   (10485, 70, 60),
postgres-#   (10486, 11, 5),
postgres-#   (10486, 51, 25),
postgres-#   (10486, 74, 16),
postgres-#   (10487, 19, 5),
postgres-#   (10487, 26, 30),
postgres-#   (10487, 54, 24),
postgres-#   (10488, 59, 30),
postgres-#   (10488, 73, 20),
postgres-#   (10489, 11, 15),
postgres-#   (10489, 16, 18),
postgres-#   (10490, 59, 60),
postgres-#   (10490, 68, 30),
postgres-#   (10490, 75, 36),
postgres-#   (10491, 44, 15),
postgres-#   (10491, 77, 7),
postgres-#   (10492, 25, 60),
postgres-#   (10492, 42, 20),
postgres-#   (10493, 65, 15),
postgres-#   (10493, 66, 10),
postgres-#   (10493, 69, 10),
postgres-#   (10494, 56, 30),
postgres-#   (10495, 23, 10),
postgres-#   (10495, 41, 20),
postgres-#   (10495, 77, 5),
postgres-#   (10496, 31, 20),
postgres-#   (10497, 56, 14),
postgres-#   (10497, 72, 25),
postgres-#   (10497, 77, 25),
postgres-#   (10498, 24, 14),
postgres-#   (10498, 40, 5),
postgres-#   (10498, 42, 30),
postgres-#   (10499, 28, 20),
postgres-#   (10499, 49, 25),
postgres-#   (10500, 15, 12),
postgres-#   (10500, 28, 8),
postgres-#   (10501, 54, 20),
postgres-#   (10502, 45, 21),
postgres-#   (10502, 53, 6),
postgres-#   (10502, 67, 30),
postgres-#   (10503, 14, 70),
postgres-#   (10503, 65, 20),
postgres-#   (10504, 2, 12),
postgres-#   (10504, 21, 12),
postgres-#   (10504, 53, 10),
postgres-#   (10504, 61, 25),
postgres-#   (10505, 62, 3),
postgres-#   (10506, 25, 18),
postgres-#   (10506, 70, 14),
postgres-#   (10507, 43, 15),
postgres-#   (10507, 48, 15),
postgres-#   (10508, 13, 10),
postgres-#   (10508, 39, 10),
postgres-#   (10509, 28, 3),
postgres-#   (10510, 29, 36),
postgres-#   (10510, 75, 36),
postgres-#   (10511, 4, 50),
postgres-#   (10511, 7, 50),
postgres-#   (10511, 8, 10),
postgres-#   (10512, 24, 10),
postgres-#   (10512, 46, 9),
postgres-#   (10512, 47, 6),
postgres-#   (10512, 60, 12),
postgres-#   (10513, 21, 40),
postgres-#   (10513, 32, 50),
postgres-#   (10513, 61, 15),
postgres-#   (10514, 20, 39),
postgres-#   (10514, 28, 35),
postgres-#   (10514, 56, 70),
postgres-#   (10514, 65, 39),
postgres-#   (10514, 75, 50),
postgres-#   (10515, 9, 16),
postgres-#   (10515, 16, 50),
postgres-#   (10515, 27, 120),
postgres-#   (10515, 33, 16),
postgres-#   (10515, 60, 84),
postgres-#   (10516, 18, 25),
postgres-#   (10516, 41, 80),
postgres-#   (10516, 42, 20),
postgres-#   (10517, 52, 6),
postgres-#   (10517, 59, 4),
postgres-#   (10517, 70, 6),
postgres-#   (10518, 24, 5),
postgres-#   (10518, 38, 15),
postgres-#   (10518, 44, 9),
postgres-#   (10519, 10, 16),
postgres-#   (10519, 56, 40),
postgres-#   (10519, 60, 10),
postgres-#   (10520, 24, 8),
postgres-#   (10520, 53, 5),
postgres-#   (10521, 35, 3),
postgres-#   (10521, 41, 10),
postgres-#   (10521, 68, 6),
postgres-#   (10522, 1, 40),
postgres-#   (10522, 8, 24),
postgres-#   (10522, 30, 20),
postgres-#   (10522, 40, 25),
postgres-#   (10523, 17, 25),
postgres-#   (10523, 20, 15),
postgres-#   (10523, 37, 18),
postgres-#   (10523, 41, 6),
postgres-#   (10524, 10, 2),
postgres-#   (10524, 30, 10),
postgres-#   (10524, 43, 60),
postgres-#   (10524, 54, 15),
postgres-#   (10525, 36, 30),
postgres-#   (10525, 40, 15),
postgres-#   (10526, 1, 8),
postgres-#   (10526, 13, 10),
postgres-#   (10526, 56, 30),
postgres-#   (10527, 4, 50),
postgres-#   (10527, 36, 30),
postgres-#   (10528, 11, 3),
postgres-#   (10528, 33, 8),
postgres-#   (10528, 72, 9),
postgres-#   (10529, 55, 14),
postgres-#   (10529, 68, 20),
postgres-#   (10529, 69, 10),
postgres-#   (10530, 17, 40),
postgres-#   (10530, 43, 25),
postgres-#   (10530, 61, 20),
postgres-#   (10530, 76, 50),
postgres-#   (10531, 59, 2),
postgres-#   (10532, 30, 15),
postgres-#   (10532, 66, 24),
postgres-#   (10533, 4, 50),
postgres-#   (10533, 72, 24),
postgres-#   (10533, 73, 24),
postgres-#   (10534, 30, 10),
postgres-#   (10534, 40, 10),
postgres-#   (10534, 54, 10),
postgres-#   (10535, 11, 50),
postgres-#   (10535, 40, 10),
postgres-#   (10535, 57, 5),
postgres-#   (10535, 59, 15),
postgres-#   (10536, 12, 15),
postgres-#   (10536, 31, 20),
postgres-#   (10536, 33, 30),
postgres-#   (10536, 60, 35),
postgres-#   (10537, 31, 30),
postgres-#   (10537, 51, 6),
postgres-#   (10537, 58, 20),
postgres-#   (10537, 72, 21),
postgres-#   (10537, 73, 9),
postgres-#   (10538, 70, 7),
postgres-#   (10538, 72, 1),
postgres-#   (10539, 13, 8),
postgres-#   (10539, 21, 15),
postgres-#   (10539, 33, 15),
postgres-#   (10539, 49, 6),
postgres-#   (10540, 3, 60),
postgres-#   (10540, 26, 40),
postgres-#   (10540, 38, 30),
postgres-#   (10540, 68, 35),
postgres-#   (10541, 24, 35),
postgres-#   (10541, 38, 4),
postgres-#   (10541, 65, 36),
postgres-#   (10541, 71, 9),
postgres-#   (10542, 11, 15),
postgres-#   (10542, 54, 24),
postgres-#   (10543, 12, 30),
postgres-#   (10543, 23, 70),
postgres-#   (10544, 28, 7),
postgres-#   (10544, 67, 7),
postgres-#   (10545, 11, 10),
postgres-#   (10546, 7, 10),
postgres-#   (10546, 35, 30),
postgres-#   (10546, 62, 40),
postgres-#   (10547, 32, 24),
postgres-#   (10547, 36, 60),
postgres-#   (10548, 34, 10),
postgres-#   (10548, 41, 14),
postgres-#   (10549, 31, 55),
postgres-#   (10549, 45, 100),
postgres-#   (10549, 51, 48),
postgres-#   (10550, 17, 8),
postgres-#   (10550, 19, 10),
postgres-#   (10550, 21, 6),
postgres-#   (10550, 61, 10),
postgres-#   (10551, 16, 40),
postgres-#   (10551, 35, 20),
postgres-#   (10551, 44, 40),
postgres-#   (10552, 69, 18),
postgres-#   (10552, 75, 30),
postgres-#   (10553, 11, 15),
postgres-#   (10553, 16, 14),
postgres-#   (10553, 22, 24),
postgres-#   (10553, 31, 30),
postgres-#   (10553, 35, 6),
postgres-#   (10554, 16, 30),
postgres-#   (10554, 23, 20),
postgres-#   (10554, 62, 20),
postgres-#   (10554, 77, 10),
postgres-#   (10555, 14, 30),
postgres-#   (10555, 19, 35),
postgres-#   (10555, 24, 18),
postgres-#   (10555, 51, 20),
postgres-#   (10555, 56, 40),
postgres-#   (10556, 72, 24),
postgres-#   (10557, 64, 30),
postgres-#   (10557, 75, 20),
postgres-#   (10558, 47, 25),
postgres-#   (10558, 51, 20),
postgres-#   (10558, 52, 30),
postgres-#   (10558, 53, 18),
postgres-#   (10558, 73, 3),
postgres-#   (10559, 41, 12),
postgres-#   (10559, 55, 18),
postgres-#   (10560, 30, 20),
postgres-#   (10560, 62, 15),
postgres-#   (10561, 44, 10),
postgres-#   (10561, 51, 50),
postgres-#   (10562, 33, 20),
postgres-#   (10562, 62, 10),
postgres-#   (10563, 36, 25),
postgres-#   (10563, 52, 70),
postgres-#   (10564, 17, 16),
postgres-#   (10564, 31, 6),
postgres-#   (10564, 55, 25),
postgres-#   (10565, 24, 25),
postgres-#   (10565, 64, 18),
postgres-#   (10566, 11, 35),
postgres-#   (10566, 18, 18),
postgres-#   (10566, 76, 10),
postgres-#   (10567, 31, 60),
postgres-#   (10567, 51, 3),
postgres-#   (10567, 59, 40),
postgres-#   (10568, 10, 5),
postgres-#   (10569, 31, 35),
postgres-#   (10569, 76, 30),
postgres-#   (10570, 11, 15),
postgres-#   (10570, 56, 60),
postgres-#   (10571, 14, 11),
postgres-#   (10571, 42, 28),
postgres-#   (10572, 16, 12),
postgres-#   (10572, 32, 10),
postgres-#   (10572, 40, 50),
postgres-#   (10572, 75, 15),
postgres-#   (10573, 17, 18),
postgres-#   (10573, 34, 40),
postgres-#   (10573, 53, 25),
postgres-#   (10574, 33, 14),
postgres-#   (10574, 40, 2),
postgres-#   (10574, 62, 10),
postgres-#   (10574, 64, 6),
postgres-#   (10575, 59, 12),
postgres-#   (10575, 63, 6),
postgres-#   (10575, 72, 30),
postgres-#   (10575, 76, 10),
postgres-#   (10576, 1, 10),
postgres-#   (10576, 31, 20),
postgres-#   (10576, 44, 21),
postgres-#   (10577, 39, 10),
postgres-#   (10577, 75, 20),
postgres-#   (10577, 77, 18),
postgres-#   (10578, 35, 20),
postgres-#   (10578, 57, 6),
postgres-#   (10579, 15, 10),
postgres-#   (10579, 75, 21),
postgres-#   (10580, 14, 15),
postgres-#   (10580, 41, 9),
postgres-#   (10580, 65, 30),
postgres-#   (10581, 75, 50),
postgres-#   (10582, 57, 4),
postgres-#   (10582, 76, 14),
postgres-#   (10583, 29, 10),
postgres-#   (10583, 60, 24),
postgres-#   (10583, 69, 10),
postgres-#   (10584, 31, 50),
postgres-#   (10585, 47, 15),
postgres-#   (10586, 52, 4),
postgres-#   (10587, 26, 6),
postgres-#   (10587, 35, 20),
postgres-#   (10587, 77, 20),
postgres-#   (10588, 18, 40),
postgres-#   (10588, 42, 100),
postgres-#   (10589, 35, 4),
postgres-#   (10590, 1, 20),
postgres-#   (10590, 77, 60),
postgres-#   (10591, 3, 14),
postgres-#   (10591, 7, 10),
postgres-#   (10591, 54, 50),
postgres-#   (10592, 15, 25),
postgres-#   (10592, 26, 5),
postgres-#   (10593, 20, 21),
postgres-#   (10593, 69, 20),
postgres-#   (10593, 76, 4),
postgres-#   (10594, 52, 24),
postgres-#   (10594, 58, 30),
postgres-#   (10595, 35, 30),
postgres-#   (10595, 61, 120),
postgres-#   (10595, 69, 65),
postgres-#   (10596, 56, 5),
postgres-#   (10596, 63, 24),
postgres-#   (10596, 75, 30),
postgres-#   (10597, 24, 35),
postgres-#   (10597, 57, 20),
postgres-#   (10597, 65, 12),
postgres-#   (10598, 27, 50),
postgres-#   (10598, 71, 9),
postgres-#   (10599, 62, 10),
postgres-#   (10600, 54, 4),
postgres-#   (10600, 73, 30),
postgres-#   (10601, 13, 60),
postgres-#   (10601, 59, 35),
postgres-#   (10602, 77, 5),
postgres-#   (10603, 22, 48),
postgres-#   (10603, 49, 25),
postgres-#   (10604, 48, 6),
postgres-#   (10604, 76, 10),
postgres-#   (10605, 16, 30),
postgres-#   (10605, 59, 20),
postgres-#   (10605, 60, 70),
postgres-#   (10605, 71, 15),
postgres-#   (10606, 4, 20),
postgres-#   (10606, 55, 20),
postgres-#   (10606, 62, 10),
postgres-#   (10607, 7, 45),
postgres-#   (10607, 17, 100),
postgres-#   (10607, 33, 14),
postgres-#   (10607, 40, 42),
postgres-#   (10607, 72, 12),
postgres-#   (10608, 56, 28),
postgres-#   (10609, 1, 3),
postgres-#   (10609, 10, 10),
postgres-#   (10609, 21, 6),
postgres-#   (10610, 36, 21),
postgres-#   (10611, 1, 6),
postgres-#   (10611, 2, 10),
postgres-#   (10611, 60, 15),
postgres-#   (10612, 10, 70),
postgres-#   (10612, 36, 55),
postgres-#   (10612, 49, 18),
postgres-#   (10612, 60, 40),
postgres-#   (10612, 76, 80),
postgres-#   (10613, 13, 8),
postgres-#   (10613, 75, 40),
postgres-#   (10614, 11, 14),
postgres-#   (10614, 21, 8),
postgres-#   (10614, 39, 5),
postgres-#   (10615, 55, 5),
postgres-#   (10616, 38, 15),
postgres-#   (10616, 56, 14),
postgres-#   (10616, 70, 15),
postgres-#   (10616, 71, 15),
postgres-#   (10617, 59, 30),
postgres-#   (10618, 6, 70),
postgres-#   (10618, 56, 20),
postgres-#   (10618, 68, 15),
postgres-#   (10619, 21, 42),
postgres-#   (10619, 22, 40),
postgres-#   (10620, 24, 5),
postgres-#   (10620, 52, 5),
postgres-#   (10621, 19, 5),
postgres-#   (10621, 23, 10),
postgres-#   (10621, 70, 20),
postgres-#   (10621, 71, 15),
postgres-#   (10622, 2, 20),
postgres-#   (10622, 68, 18),
postgres-#   (10623, 14, 21),
postgres-#   (10623, 19, 15),
postgres-#   (10623, 21, 25),
postgres-#   (10623, 24, 3),
postgres-#   (10623, 35, 30),
postgres-#   (10624, 28, 10),
postgres-#   (10624, 29, 6),
postgres-#   (10624, 44, 10),
postgres-#   (10625, 14, 3),
postgres-#   (10625, 42, 5),
postgres-#   (10625, 60, 10),
postgres-#   (10626, 53, 12),
postgres-#   (10626, 60, 20),
postgres-#   (10626, 71, 20),
postgres-#   (10627, 62, 15),
postgres-#   (10627, 73, 35),
postgres-#   (10628, 1, 25),
postgres-#   (10629, 29, 20),
postgres-#   (10629, 64, 9),
postgres-#   (10630, 55, 12),
postgres-#   (10630, 76, 35),
postgres-#   (10631, 75, 8),
postgres-#   (10632, 2, 30),
postgres-#   (10632, 33, 20),
postgres-#   (10633, 12, 36),
postgres-#   (10633, 13, 13),
postgres-#   (10633, 26, 35),
postgres-#   (10633, 62, 80),
postgres-#   (10634, 7, 35),
postgres-#   (10634, 18, 50),
postgres-#   (10634, 51, 15),
postgres-#   (10634, 75, 2),
postgres-#   (10635, 4, 10),
postgres-#   (10635, 5, 15),
postgres-#   (10635, 22, 40),
postgres-#   (10636, 4, 25),
postgres-#   (10636, 58, 6),
postgres-#   (10637, 11, 10),
postgres-#   (10637, 50, 25),
postgres-#   (10637, 56, 60),
postgres-#   (10638, 45, 20),
postgres-#   (10638, 65, 21),
postgres-#   (10638, 72, 60),
postgres-#   (10639, 18, 8),
postgres-#   (10640, 69, 20),
postgres-#   (10640, 70, 15),
postgres-#   (10641, 2, 50),
postgres-#   (10641, 40, 60),
postgres-#   (10642, 21, 30),
postgres-#   (10642, 61, 20),
postgres-#   (10643, 28, 15),
postgres-#   (10643, 39, 21),
postgres-#   (10643, 46, 2),
postgres-#   (10644, 18, 4),
postgres-#   (10644, 43, 20),
postgres-#   (10644, 46, 21),
postgres-#   (10645, 18, 20),
postgres-#   (10645, 36, 15),
postgres-#   (10646, 1, 15),
postgres-#   (10646, 10, 18),
postgres-#   (10646, 71, 30),
postgres-#   (10646, 77, 35),
postgres-#   (10647, 19, 30),
postgres-#   (10647, 39, 20),
postgres-#   (10648, 22, 15),
postgres-#   (10648, 24, 15),
postgres-#   (10649, 28, 20),
postgres-#   (10649, 72, 15),
postgres-#   (10650, 30, 30),
postgres-#   (10650, 53, 25),
postgres-#   (10650, 54, 30),
postgres-#   (10651, 19, 12),
postgres-#   (10651, 22, 20),
postgres-#   (10652, 30, 2),
postgres-#   (10652, 42, 20),
postgres-#   (10653, 16, 30),
postgres-#   (10653, 60, 20),
postgres-#   (10654, 4, 12),
postgres-#   (10654, 39, 20),
postgres-#   (10654, 54, 6),
postgres-#   (10655, 41, 20),
postgres-#   (10656, 14, 3),
postgres-#   (10656, 44, 28),
postgres-#   (10656, 47, 6),
postgres-#   (10657, 15, 50),
postgres-#   (10657, 41, 24),
postgres-#   (10657, 46, 45),
postgres-#   (10657, 47, 10),
postgres-#   (10657, 56, 45),
postgres-#   (10657, 60, 30),
postgres-#   (10658, 21, 60),
postgres-#   (10658, 40, 70),
postgres-#   (10658, 60, 55),
postgres-#   (10658, 77, 70),
postgres-#   (10659, 31, 20),
postgres-#   (10659, 40, 24),
postgres-#   (10659, 70, 40),
postgres-#   (10660, 20, 21),
postgres-#   (10661, 39, 3),
postgres-#   (10661, 58, 49),
postgres-#   (10662, 68, 10),
postgres-#   (10663, 40, 30),
postgres-#   (10663, 42, 30),
postgres-#   (10663, 51, 20),
postgres-#   (10664, 10, 24),
postgres-#   (10664, 56, 12),
postgres-#   (10664, 65, 15),
postgres-#   (10665, 51, 20),
postgres-#   (10665, 59, 1),
postgres-#   (10665, 76, 10),
postgres-#   (10666, 29, 36),
postgres-#   (10666, 65, 10),
postgres-#   (10667, 69, 45),
postgres-#   (10667, 71, 14),
postgres-#   (10668, 31, 8),
postgres-#   (10668, 55, 4),
postgres-#   (10668, 64, 15),
postgres-#   (10669, 36, 30),
postgres-#   (10670, 23, 32),
postgres-#   (10670, 46, 60),
postgres-#   (10670, 67, 25),
postgres-#   (10670, 73, 50),
postgres-#   (10670, 75, 25),
postgres-#   (10671, 16, 10),
postgres-#   (10671, 62, 10),
postgres-#   (10671, 65, 12),
postgres-#   (10672, 38, 15),
postgres-#   (10672, 71, 12),
postgres-#   (10673, 16, 3),
postgres-#   (10673, 42, 6),
postgres-#   (10673, 43, 6),
postgres-#   (10674, 23, 5),
postgres-#   (10675, 14, 30),
postgres-#   (10675, 53, 10),
postgres-#   (10675, 58, 30),
postgres-#   (10676, 10, 2),
postgres-#   (10676, 19, 7),
postgres-#   (10676, 44, 21),
postgres-#   (10677, 26, 30),
postgres-#   (10677, 33, 8),
postgres-#   (10678, 12, 100),
postgres-#   (10678, 33, 30),
postgres-#   (10678, 41, 120),
postgres-#   (10678, 54, 30),
postgres-#   (10679, 59, 12),
postgres-#   (10680, 16, 50),
postgres-#   (10680, 31, 20),
postgres-#   (10680, 42, 40),
postgres-#   (10681, 19, 30),
postgres-#   (10681, 21, 12),
postgres-#   (10681, 64, 28),
postgres-#   (10682, 33, 30),
postgres-#   (10682, 66, 4),
postgres-#   (10682, 75, 30),
postgres-#   (10683, 52, 9),
postgres-#   (10684, 40, 20),
postgres-#   (10684, 47, 40),
postgres-#   (10684, 60, 30),
postgres-#   (10685, 10, 20),
postgres-#   (10685, 41, 4),
postgres-#   (10685, 47, 15),
postgres-#   (10686, 17, 30),
postgres-#   (10686, 26, 15),
postgres-#   (10687, 9, 50),
postgres-#   (10687, 29, 10),
postgres-#   (10687, 36, 6),
postgres-#   (10688, 10, 18),
postgres-#   (10688, 28, 60),
postgres-#   (10688, 34, 14),
postgres-#   (10689, 1, 35),
postgres-#   (10690, 56, 20),
postgres-#   (10690, 77, 30),
postgres-#   (10691, 1, 30),
postgres-#   (10691, 29, 40),
postgres-#   (10691, 43, 40),
postgres-#   (10691, 44, 24),
postgres-#   (10691, 62, 48),
postgres-#   (10692, 63, 20),
postgres-#   (10693, 9, 6),
postgres-#   (10693, 54, 60),
postgres-#   (10693, 69, 30),
postgres-#   (10693, 73, 15),
postgres-#   (10694, 7, 90),
postgres-#   (10694, 59, 25),
postgres-#   (10694, 70, 50),
postgres-#   (10695, 8, 10),
postgres-#   (10695, 12, 4),
postgres-#   (10695, 24, 20),
postgres-#   (10696, 17, 20),
postgres-#   (10696, 46, 18),
postgres-#   (10697, 19, 7),
postgres-#   (10697, 35, 9),
postgres-#   (10697, 58, 30),
postgres-#   (10697, 70, 30),
postgres-#   (10698, 11, 15),
postgres-#   (10698, 17, 8),
postgres-#   (10698, 29, 12),
postgres-#   (10698, 65, 65),
postgres-#   (10698, 70, 8),
postgres-#   (10699, 47, 12),
postgres-#   (10700, 1, 5),
postgres-#   (10700, 34, 12),
postgres-#   (10700, 68, 40),
postgres-#   (10700, 71, 60),
postgres-#   (10701, 59, 42),
postgres-#   (10701, 71, 20),
postgres-#   (10701, 76, 35),
postgres-#   (10702, 3, 6),
postgres-#   (10702, 76, 15),
postgres-#   (10703, 2, 5),
postgres-#   (10703, 59, 35),
postgres-#   (10703, 73, 35),
postgres-#   (10704, 4, 6),
postgres-#   (10704, 24, 35),
postgres-#   (10704, 48, 24),
postgres-#   (10705, 31, 20),
postgres-#   (10705, 32, 4),
postgres-#   (10706, 16, 20),
postgres-#   (10706, 43, 24),
postgres-#   (10706, 59, 8),
postgres-#   (10707, 55, 21),
postgres-#   (10707, 57, 40),
postgres-#   (10707, 70, 28),
postgres-#   (10708, 5, 4),
postgres-#   (10708, 36, 5),
postgres-#   (10709, 8, 40),
postgres-#   (10709, 51, 28),
postgres-#   (10709, 60, 10),
postgres-#   (10710, 19, 5),
postgres-#   (10710, 47, 5),
postgres-#   (10711, 19, 12),
postgres-#   (10711, 41, 42),
postgres-#   (10711, 53, 120),
postgres-#   (10712, 53, 3),
postgres-#   (10712, 56, 30),
postgres-#   (10713, 10, 18),
postgres-#   (10713, 26, 30),
postgres-#   (10713, 45, 110),
postgres-#   (10713, 46, 24),
postgres-#   (10714, 2, 30),
postgres-#   (10714, 17, 27),
postgres-#   (10714, 47, 50),
postgres-#   (10714, 56, 18),
postgres-#   (10714, 58, 12),
postgres-#   (10715, 10, 21),
postgres-#   (10715, 71, 30),
postgres-#   (10716, 21, 5),
postgres-#   (10716, 51, 7),
postgres-#   (10716, 61, 10),
postgres-#   (10717, 21, 32),
postgres-#   (10717, 54, 15),
postgres-#   (10717, 69, 25),
postgres-#   (10718, 12, 36),
postgres-#   (10718, 16, 20),
postgres-#   (10718, 36, 40),
postgres-#   (10718, 62, 20),
postgres-#   (10719, 18, 12),
postgres-#   (10719, 30, 3),
postgres-#   (10719, 54, 40),
postgres-#   (10720, 35, 21),
postgres-#   (10720, 71, 8),
postgres-#   (10721, 44, 50),
postgres-#   (10722, 2, 3),
postgres-#   (10722, 31, 50),
postgres-#   (10722, 68, 45),
postgres-#   (10722, 75, 42),
postgres-#   (10723, 26, 15),
postgres-#   (10724, 10, 16),
postgres-#   (10724, 61, 5),
postgres-#   (10725, 41, 12),
postgres-#   (10725, 52, 4),
postgres-#   (10725, 55, 6),
postgres-#   (10726, 4, 25),
postgres-#   (10726, 11, 5),
postgres-#   (10727, 17, 20),
postgres-#   (10727, 56, 10),
postgres-#   (10727, 59, 10),
postgres-#   (10728, 30, 15),
postgres-#   (10728, 40, 6),
postgres-#   (10728, 55, 12),
postgres-#   (10728, 60, 15),
postgres-#   (10729, 1, 50),
postgres-#   (10729, 21, 30),
postgres-#   (10729, 50, 40),
postgres-#   (10730, 16, 15),
postgres-#   (10730, 31, 3),
postgres-#   (10730, 65, 10),
postgres-#   (10731, 21, 40),
postgres-#   (10731, 51, 30),
postgres-#   (10732, 76, 20),
postgres-#   (10733, 14, 16),
postgres-#   (10733, 28, 20),
postgres-#   (10733, 52, 25),
postgres-#   (10734, 6, 30),
postgres-#   (10734, 30, 15),
postgres-#   (10734, 76, 20),
postgres-#   (10735, 61, 20),
postgres-#   (10735, 77, 2),
postgres-#   (10736, 65, 40),
postgres-#   (10736, 75, 20),
postgres-#   (10737, 13, 4),
postgres-#   (10737, 41, 12),
postgres-#   (10738, 16, 3),
postgres-#   (10739, 36, 6),
postgres-#   (10739, 52, 18),
postgres-#   (10740, 28, 5),
postgres-#   (10740, 35, 35),
postgres-#   (10740, 45, 40),
postgres-#   (10740, 56, 14),
postgres-#   (10741, 2, 15),
postgres-#   (10742, 3, 20),
postgres-#   (10742, 60, 50),
postgres-#   (10742, 72, 35),
postgres-#   (10743, 46, 28),
postgres-#   (10744, 40, 50),
postgres-#   (10745, 18, 24),
postgres-#   (10745, 44, 16),
postgres-#   (10745, 59, 45),
postgres-#   (10745, 72, 7),
postgres-#   (10746, 13, 6),
postgres-#   (10746, 42, 28),
postgres-#   (10746, 62, 9),
postgres-#   (10746, 69, 40),
postgres-#   (10747, 31, 8),
postgres-#   (10747, 41, 35),
postgres-#   (10747, 63, 9),
postgres-#   (10747, 69, 30),
postgres-#   (10748, 23, 44),
postgres-#   (10748, 40, 40),
postgres-#   (10748, 56, 28),
postgres-#   (10749, 56, 15),
postgres-#   (10749, 59, 6),
postgres-#   (10749, 76, 10),
postgres-#   (10750, 14, 5),
postgres-#   (10750, 45, 40),
postgres-#   (10750, 59, 25),
postgres-#   (10751, 26, 12),
postgres-#   (10751, 30, 30),
postgres-#   (10751, 50, 20),
postgres-#   (10751, 73, 15),
postgres-#   (10752, 1, 8),
postgres-#   (10752, 69, 3),
postgres-#   (10753, 45, 4),
postgres-#   (10753, 74, 5),
postgres-#   (10754, 40, 3),
postgres-#   (10755, 47, 30),
postgres-#   (10755, 56, 30),
postgres-#   (10755, 57, 14),
postgres-#   (10755, 69, 25),
postgres-#   (10756, 18, 21),
postgres-#   (10756, 36, 20),
postgres-#   (10756, 68, 6),
postgres-#   (10756, 69, 20),
postgres-#   (10757, 34, 30),
postgres-#   (10757, 59, 7),
postgres-#   (10757, 62, 30),
postgres-#   (10757, 64, 24),
postgres-#   (10758, 26, 20),
postgres-#   (10758, 52, 60),
postgres-#   (10758, 70, 40),
postgres-#   (10759, 32, 10),
postgres-#   (10760, 25, 12),
postgres-#   (10760, 27, 40),
postgres-#   (10760, 43, 30),
postgres-#   (10761, 25, 35),
postgres-#   (10761, 75, 18),
postgres-#   (10762, 39, 16),
postgres-#   (10762, 47, 30),
postgres-#   (10762, 51, 28),
postgres-#   (10762, 56, 60),
postgres-#   (10763, 21, 40),
postgres-#   (10763, 22, 6),
postgres-#   (10763, 24, 20),
postgres-#   (10764, 3, 20),
postgres-#   (10764, 39, 130),
postgres-#   (10765, 65, 80),
postgres-#   (10766, 2, 40),
postgres-#   (10766, 7, 35),
postgres-#   (10766, 68, 40),
postgres-#   (10767, 42, 2),
postgres-#   (10768, 22, 4),
postgres-#   (10768, 31, 50),
postgres-#   (10768, 60, 15),
postgres-#   (10768, 71, 12),
postgres-#   (10769, 41, 30),
postgres-#   (10769, 52, 15),
postgres-#   (10769, 61, 20),
postgres-#   (10769, 62, 15),
postgres-#   (10770, 11, 15),
postgres-#   (10771, 71, 16),
postgres-#   (10772, 29, 18),
postgres-#   (10772, 59, 25),
postgres-#   (10773, 17, 33),
postgres-#   (10773, 31, 70),
postgres-#   (10773, 75, 7),
postgres-#   (10774, 31, 2),
postgres-#   (10774, 66, 50),
postgres-#   (10775, 10, 6),
postgres-#   (10775, 67, 3),
postgres-#   (10776, 31, 16),
postgres-#   (10776, 42, 12),
postgres-#   (10776, 45, 27),
postgres-#   (10776, 51, 120),
postgres-#   (10777, 42, 20),
postgres-#   (10778, 41, 10),
postgres-#   (10779, 16, 20),
postgres-#   (10779, 62, 20),
postgres-#   (10780, 70, 35),
postgres-#   (10780, 77, 15),
postgres-#   (10781, 54, 3),
postgres-#   (10781, 56, 20),
postgres-#   (10781, 74, 35),
postgres-#   (10782, 31, 1),
postgres-#   (10783, 31, 10),
postgres-#   (10783, 38, 5),
postgres-#   (10784, 36, 30),
postgres-#   (10784, 39, 2),
postgres-#   (10784, 72, 30),
postgres-#   (10785, 10, 10),
postgres-#   (10785, 75, 10),
postgres-#   (10786, 8, 30),
postgres-#   (10786, 30, 15),
postgres-#   (10786, 75, 42),
postgres-#   (10787, 2, 15),
postgres-#   (10787, 29, 20),
postgres-#   (10788, 19, 50),
postgres-#   (10788, 75, 40),
postgres-#   (10789, 18, 30),
postgres-#   (10789, 35, 15),
postgres-#   (10789, 63, 30),
postgres-#   (10789, 68, 18),
postgres-#   (10790, 7, 3),
postgres-#   (10790, 56, 20),
postgres-#   (10791, 29, 14),
postgres-#   (10791, 41, 20),
postgres-#   (10792, 2, 10),
postgres-#   (10792, 54, 3),
postgres-#   (10792, 68, 15),
postgres-#   (10793, 41, 14),
postgres-#   (10793, 52, 8),
postgres-#   (10794, 14, 15),
postgres-#   (10794, 54, 6),
postgres-#   (10795, 16, 65),
postgres-#   (10795, 17, 35),
postgres-#   (10796, 26, 21),
postgres-#   (10796, 44, 10),
postgres-#   (10796, 64, 35),
postgres-#   (10796, 69, 24),
postgres-#   (10797, 11, 20),
postgres-#   (10798, 62, 2),
postgres-#   (10798, 72, 10),
postgres-#   (10799, 13, 20),
postgres-#   (10799, 24, 20),
postgres-#   (10799, 59, 25),
postgres-#   (10800, 11, 50),
postgres-#   (10800, 51, 10),
postgres-#   (10800, 54, 7),
postgres-#   (10801, 17, 40),
postgres-#   (10801, 29, 20),
postgres-#   (10802, 30, 25),
postgres-#   (10802, 51, 30),
postgres-#   (10802, 55, 60),
postgres-#   (10802, 62, 5),
postgres-#   (10803, 19, 24),
postgres-#   (10803, 25, 15),
postgres-#   (10803, 59, 15),
postgres-#   (10804, 10, 36),
postgres-#   (10804, 28, 24),
postgres-#   (10804, 49, 4),
postgres-#   (10805, 34, 10),
postgres-#   (10805, 38, 10),
postgres-#   (10806, 2, 20),
postgres-#   (10806, 65, 2),
postgres-#   (10806, 74, 15),
postgres-#   (10807, 40, 1),
postgres-#   (10808, 56, 20),
postgres-#   (10808, 76, 50),
postgres-#   (10809, 52, 20),
postgres-#   (10810, 13, 7),
postgres-#   (10810, 25, 5),
postgres-#   (10810, 70, 5),
postgres-#   (10811, 19, 15),
postgres-#   (10811, 23, 18),
postgres-#   (10811, 40, 30),
postgres-#   (10812, 31, 16),
postgres-#   (10812, 72, 40),
postgres-#   (10812, 77, 20),
postgres-#   (10813, 2, 12),
postgres-#   (10813, 46, 35),
postgres-#   (10814, 41, 20),
postgres-#   (10814, 43, 20),
postgres-#   (10814, 48, 8),
postgres-#   (10814, 61, 30),
postgres-#   (10815, 33, 16),
postgres-#   (10816, 38, 30),
postgres-#   (10816, 62, 20),
postgres-#   (10817, 26, 40),
postgres-#   (10817, 38, 30),
postgres-#   (10817, 40, 60),
postgres-#   (10817, 62, 25),
postgres-#   (10818, 32, 20),
postgres-#   (10818, 41, 20),
postgres-#   (10819, 43, 7),
postgres-#   (10819, 75, 20),
postgres-#   (10820, 56, 30),
postgres-#   (10821, 35, 20),
postgres-#   (10821, 51, 6),
postgres-#   (10822, 62, 3),
postgres-#   (10822, 70, 6),
postgres-#   (10823, 11, 20),
postgres-#   (10823, 57, 15),
postgres-#   (10823, 59, 40),
postgres-#   (10823, 77, 15),
postgres-#   (10824, 41, 12),
postgres-#   (10824, 70, 9),
postgres-#   (10825, 26, 12),
postgres-#   (10825, 53, 20),
postgres-#   (10826, 31, 35),
postgres-#   (10826, 57, 15),
postgres-#   (10827, 10, 15),
postgres-#   (10827, 39, 21),
postgres-#   (10828, 20, 5),
postgres-#   (10828, 38, 2),
postgres-#   (10829, 2, 10),
postgres-#   (10829, 8, 20),
postgres-#   (10829, 13, 10),
postgres-#   (10829, 60, 21),
postgres-#   (10830, 6, 6),
postgres-#   (10830, 39, 28),
postgres-#   (10830, 60, 30),
postgres-#   (10830, 68, 24),
postgres-#   (10831, 19, 2),
postgres-#   (10831, 35, 8),
postgres-#   (10831, 38, 8),
postgres-#   (10831, 43, 9),
postgres-#   (10832, 13, 3),
postgres-#   (10832, 25, 10),
postgres-#   (10832, 44, 16),
postgres-#   (10832, 64, 3),
postgres-#   (10833, 7, 20),
postgres-#   (10833, 31, 9),
postgres-#   (10833, 53, 9),
postgres-#   (10834, 29, 8),
postgres-#   (10834, 30, 20),
postgres-#   (10835, 59, 15),
postgres-#   (10835, 77, 2),
postgres-#   (10836, 22, 52),
postgres-#   (10836, 35, 6),
postgres-#   (10836, 57, 24),
postgres-#   (10836, 60, 60),
postgres-#   (10836, 64, 30),
postgres-#   (10837, 13, 6),
postgres-#   (10837, 40, 25),
postgres-#   (10837, 47, 40),
postgres-#   (10837, 76, 21),
postgres-#   (10838, 1, 4),
postgres-#   (10838, 18, 25),
postgres-#   (10838, 36, 50),
postgres-#   (10839, 58, 30),
postgres-#   (10839, 72, 15),
postgres-#   (10840, 25, 6),
postgres-#   (10840, 39, 10),
postgres-#   (10841, 10, 16),
postgres-#   (10841, 56, 30),
postgres-#   (10841, 59, 50),
postgres-#   (10841, 77, 15),
postgres-#   (10842, 11, 15),
postgres-#   (10842, 43, 5),
postgres-#   (10842, 68, 20),
postgres-#   (10842, 70, 12),
postgres-#   (10843, 51, 4),
postgres-#   (10844, 22, 35),
postgres-#   (10845, 23, 70),
postgres-#   (10845, 35, 25),
postgres-#   (10845, 42, 42),
postgres-#   (10845, 58, 60),
postgres-#   (10845, 64, 48),
postgres-#   (10846, 4, 21),
postgres-#   (10846, 70, 30),
postgres-#   (10846, 74, 20),
postgres-#   (10847, 1, 80),
postgres-#   (10847, 19, 12),
postgres-#   (10847, 37, 60),
postgres-#   (10847, 45, 36),
postgres-#   (10847, 60, 45),
postgres-#   (10847, 71, 55),
postgres-#   (10848, 5, 30),
postgres-#   (10848, 9, 3),
postgres-#   (10849, 3, 49),
postgres-#   (10849, 26, 18),
postgres-#   (10850, 25, 20),
postgres-#   (10850, 33, 4),
postgres-#   (10850, 70, 30),
postgres-#   (10851, 2, 5),
postgres-#   (10851, 25, 10),
postgres-#   (10851, 57, 10),
postgres-#   (10851, 59, 42),
postgres-#   (10852, 2, 15),
postgres-#   (10852, 17, 6),
postgres-#   (10852, 62, 50),
postgres-#   (10853, 18, 10),
postgres-#   (10854, 10, 100),
postgres-#   (10854, 13, 65),
postgres-#   (10855, 16, 50),
postgres-#   (10855, 31, 14),
postgres-#   (10855, 56, 24),
postgres-#   (10855, 65, 15),
postgres-#   (10856, 2, 20),
postgres-#   (10856, 42, 20),
postgres-#   (10857, 3, 30),
postgres-#   (10857, 26, 35),
postgres-#   (10857, 29, 10),
postgres-#   (10858, 7, 5),
postgres-#   (10858, 27, 10),
postgres-#   (10858, 70, 4),
postgres-#   (10859, 24, 40),
postgres-#   (10859, 54, 35),
postgres-#   (10859, 64, 30),
postgres-#   (10860, 51, 3),
postgres-#   (10860, 76, 20),
postgres-#   (10861, 17, 42),
postgres-#   (10861, 18, 20),
postgres-#   (10861, 21, 40),
postgres-#   (10861, 33, 35),
postgres-#   (10861, 62, 3),
postgres-#   (10862, 11, 25),
postgres-#   (10862, 52, 8),
postgres-#   (10863, 1, 20),
postgres-#   (10863, 58, 12),
postgres-#   (10864, 35, 4),
postgres-#   (10864, 67, 15),
postgres-#   (10865, 38, 60),
postgres-#   (10865, 39, 80),
postgres-#   (10866, 2, 21),
postgres-#   (10866, 24, 6),
postgres-#   (10866, 30, 40),
postgres-#   (10867, 53, 3),
postgres-#   (10868, 26, 20),
postgres-#   (10868, 35, 30),
postgres-#   (10868, 49, 42),
postgres-#   (10869, 1, 40),
postgres-#   (10869, 11, 10),
postgres-#   (10869, 23, 50),
postgres-#   (10869, 68, 20),
postgres-#   (10870, 35, 3),
postgres-#   (10870, 51, 2),
postgres-#   (10871, 6, 50),
postgres-#   (10871, 16, 12),
postgres-#   (10871, 17, 16),
postgres-#   (10872, 55, 10),
postgres-#   (10872, 62, 20),
postgres-#   (10872, 64, 15),
postgres-#   (10872, 65, 21),
postgres-#   (10873, 21, 20),
postgres-#   (10873, 28, 3),
postgres-#   (10874, 10, 10),
postgres-#   (10875, 19, 25),
postgres-#   (10875, 47, 21),
postgres-#   (10875, 49, 15),
postgres-#   (10876, 46, 21),
postgres-#   (10876, 64, 20),
postgres-#   (10877, 16, 30),
postgres-#   (10877, 18, 25),
postgres-#   (10878, 20, 20),
postgres-#   (10879, 40, 12),
postgres-#   (10879, 65, 10),
postgres-#   (10879, 76, 10),
postgres-#   (10880, 23, 30),
postgres-#   (10880, 61, 30),
postgres-#   (10880, 70, 50),
postgres-#   (10881, 73, 10),
postgres-#   (10882, 42, 25),
postgres-#   (10882, 49, 20),
postgres-#   (10882, 54, 32),
postgres-#   (10883, 24, 8),
postgres-#   (10884, 21, 40),
postgres-#   (10884, 56, 21),
postgres-#   (10884, 65, 12),
postgres-#   (10885, 2, 20),
postgres-#   (10885, 24, 12),
postgres-#   (10885, 70, 30),
postgres-#   (10885, 77, 25),
postgres-#   (10886, 10, 70),
postgres-#   (10886, 31, 35),
postgres-#   (10886, 77, 40),
postgres-#   (10887, 25, 5),
postgres-#   (10888, 2, 20),
postgres-#   (10888, 68, 18),
postgres-#   (10889, 11, 40),
postgres-#   (10889, 38, 40),
postgres-#   (10890, 17, 15),
postgres-#   (10890, 34, 10),
postgres-#   (10890, 41, 14),
postgres-#   (10891, 30, 15),
postgres-#   (10892, 59, 40),
postgres-#   (10893, 8, 30),
postgres-#   (10893, 24, 10),
postgres-#   (10893, 29, 24),
postgres-#   (10893, 30, 35),
postgres-#   (10893, 36, 20),
postgres-#   (10894, 13, 28),
postgres-#   (10894, 69, 50),
postgres-#   (10894, 75, 120),
postgres-#   (10895, 24, 110),
postgres-#   (10895, 39, 45),
postgres-#   (10895, 40, 91),
postgres-#   (10895, 60, 100),
postgres-#   (10896, 45, 15),
postgres-#   (10896, 56, 16),
postgres-#   (10897, 29, 80),
postgres-#   (10897, 30, 36),
postgres-#   (10898, 13, 5),
postgres-#   (10899, 39, 8),
postgres-#   (10900, 70, 3),
postgres-#   (10901, 41, 30),
postgres-#   (10901, 71, 30),
postgres-#   (10902, 55, 30),
postgres-#   (10902, 62, 6),
postgres-#   (10903, 13, 40),
postgres-#   (10903, 65, 21),
postgres-#   (10903, 68, 20),
postgres-#   (10904, 58, 15),
postgres-#   (10904, 62, 35),
postgres-#   (10905, 1, 20),
postgres-#   (10906, 61, 15),
postgres-#   (10907, 75, 14),
postgres-#   (10908, 7, 20),
postgres-#   (10908, 52, 14),
postgres-#   (10909, 7, 12),
postgres-#   (10909, 16, 15),
postgres-#   (10909, 41, 5),
postgres-#   (10910, 19, 12),
postgres-#   (10910, 49, 10),
postgres-#   (10910, 61, 5),
postgres-#   (10911, 1, 10),
postgres-#   (10911, 17, 12),
postgres-#   (10911, 67, 15),
postgres-#   (10912, 11, 40),
postgres-#   (10912, 29, 60),
postgres-#   (10913, 4, 30),
postgres-#   (10913, 33, 40),
postgres-#   (10913, 58, 15),
postgres-#   (10914, 71, 25),
postgres-#   (10915, 17, 10),
postgres-#   (10915, 33, 30),
postgres-#   (10915, 54, 10),
postgres-#   (10916, 16, 6),
postgres-#   (10916, 32, 6),
postgres-#   (10916, 57, 20),
postgres-#   (10917, 30, 1),
postgres-#   (10917, 60, 10),
postgres-#   (10918, 1, 60),
postgres-#   (10918, 60, 25),
postgres-#   (10919, 16, 24),
postgres-#   (10919, 25, 24),
postgres-#   (10919, 40, 20),
postgres-#   (10920, 50, 24),
postgres-#   (10921, 35, 10),
postgres-#   (10921, 63, 40),
postgres-#   (10922, 17, 15),
postgres-#   (10922, 24, 35),
postgres-#   (10923, 42, 10),
postgres-#   (10923, 43, 10),
postgres-#   (10923, 67, 24),
postgres-#   (10924, 10, 20),
postgres-#   (10924, 28, 30),
postgres-#   (10924, 75, 6),
postgres-#   (10925, 36, 25),
postgres-#   (10925, 52, 12),
postgres-#   (10926, 11, 2),
postgres-#   (10926, 13, 10),
postgres-#   (10926, 19, 7),
postgres-#   (10926, 72, 10),
postgres-#   (10927, 20, 5),
postgres-#   (10927, 52, 5),
postgres-#   (10927, 76, 20),
postgres-#   (10928, 47, 5),
postgres-#   (10928, 76, 5),
postgres-#   (10929, 21, 60),
postgres-#   (10929, 75, 49),
postgres-#   (10929, 77, 15),
postgres-#   (10930, 21, 36),
postgres-#   (10930, 27, 25),
postgres-#   (10930, 55, 25),
postgres-#   (10930, 58, 30),
postgres-#   (10931, 13, 42),
postgres-#   (10931, 57, 30),
postgres-#   (10932, 16, 30),
postgres-#   (10932, 62, 14),
postgres-#   (10932, 72, 16),
postgres-#   (10932, 75, 20),
postgres-#   (10933, 53, 2),
postgres-#   (10933, 61, 30),
postgres-#   (10934, 6, 20),
postgres-#   (10935, 1, 21),
postgres-#   (10935, 18, 4),
postgres-#   (10935, 23, 8),
postgres-#   (10936, 36, 30),
postgres-#   (10937, 28, 8),
postgres-#   (10937, 34, 20),
postgres-#   (10938, 13, 20),
postgres-#   (10938, 43, 24),
postgres-#   (10938, 60, 49),
postgres-#   (10938, 71, 35),
postgres-#   (10939, 2, 10),
postgres-#   (10939, 67, 40),
postgres-#   (10940, 7, 8),
postgres-#   (10940, 13, 20),
postgres-#   (10941, 31, 44),
postgres-#   (10941, 62, 30),
postgres-#   (10941, 68, 80),
postgres-#   (10941, 72, 50),
postgres-#   (10942, 49, 28),
postgres-#   (10943, 13, 15),
postgres-#   (10943, 22, 21),
postgres-#   (10943, 46, 15),
postgres-#   (10944, 11, 5),
postgres-#   (10944, 44, 18),
postgres-#   (10944, 56, 18),
postgres-#   (10945, 13, 20),
postgres-#   (10945, 31, 10),
postgres-#   (10946, 10, 25),
postgres-#   (10946, 24, 25),
postgres-#   (10946, 77, 40),
postgres-#   (10947, 59, 4),
postgres-#   (10948, 50, 9),
postgres-#   (10948, 51, 40),
postgres-#   (10948, 55, 4),
postgres-#   (10949, 6, 12),
postgres-#   (10949, 10, 30),
postgres-#   (10949, 17, 6),
postgres-#   (10949, 62, 60),
postgres-#   (10950, 4, 5),
postgres-#   (10951, 33, 15),
postgres-#   (10951, 41, 6),
postgres-#   (10951, 75, 50),
postgres-#   (10952, 6, 16),
postgres-#   (10952, 28, 2),
postgres-#   (10953, 20, 50),
postgres-#   (10953, 31, 50),
postgres-#   (10954, 16, 28),
postgres-#   (10954, 31, 25),
postgres-#   (10954, 45, 30),
postgres-#   (10954, 60, 24),
postgres-#   (10955, 75, 12),
postgres-#   (10956, 21, 12),
postgres-#   (10956, 47, 14),
postgres-#   (10956, 51, 8),
postgres-#   (10957, 30, 30),
postgres-#   (10957, 35, 40),
postgres-#   (10957, 64, 8),
postgres-#   (10958, 5, 20),
postgres-#   (10958, 7, 6),
postgres-#   (10958, 72, 5),
postgres-#   (10959, 75, 20),
postgres-#   (10960, 24, 10),
postgres-#   (10960, 41, 24),
postgres-#   (10961, 52, 6),
postgres-#   (10961, 76, 60),
postgres-#   (10962, 7, 45),
postgres-#   (10962, 13, 77),
postgres-#   (10962, 53, 20),
postgres-#   (10962, 69, 9),
postgres-#   (10962, 76, 44),
postgres-#   (10963, 60, 2),
postgres-#   (10964, 18, 6),
postgres-#   (10964, 38, 5),
postgres-#   (10964, 69, 10),
postgres-#   (10965, 51, 16),
postgres-#   (10966, 37, 8),
postgres-#   (10966, 56, 12),
postgres-#   (10966, 62, 12),
postgres-#   (10967, 19, 12),
postgres-#   (10967, 49, 40),
postgres-#   (10968, 12, 30),
postgres-#   (10968, 24, 30),
postgres-#   (10968, 64, 4),
postgres-#   (10969, 46, 9),
postgres-#   (10970, 52, 40),
postgres-#   (10971, 29, 14),
postgres-#   (10972, 17, 6),
postgres-#   (10972, 33, 7),
postgres-#   (10973, 26, 5),
postgres-#   (10973, 41, 6),
postgres-#   (10973, 75, 10),
postgres-#   (10974, 63, 10),
postgres-#   (10975, 8, 16),
postgres-#   (10975, 75, 10),
postgres-#   (10976, 28, 20),
postgres-#   (10977, 39, 30),
postgres-#   (10977, 47, 30),
postgres-#   (10977, 51, 10),
postgres-#   (10977, 63, 20),
postgres-#   (10978, 8, 20),
postgres-#   (10978, 21, 40),
postgres-#   (10978, 40, 10),
postgres-#   (10978, 44, 6),
postgres-#   (10979, 7, 18),
postgres-#   (10979, 12, 20),
postgres-#   (10979, 24, 80),
postgres-#   (10979, 27, 30),
postgres-#   (10979, 31, 24),
postgres-#   (10979, 63, 35),
postgres-#   (10980, 75, 40),
postgres-#   (10981, 38, 60),
postgres-#   (10982, 7, 20),
postgres-#   (10982, 43, 9),
postgres-#   (10983, 13, 84),
postgres-#   (10983, 57, 15),
postgres-#   (10984, 16, 55),
postgres-#   (10984, 24, 20),
postgres-#   (10984, 36, 40),
postgres-#   (10985, 16, 36),
postgres-#   (10985, 18, 8),
postgres-#   (10985, 32, 35),
postgres-#   (10986, 11, 30),
postgres-#   (10986, 20, 15),
postgres-#   (10986, 76, 10),
postgres-#   (10986, 77, 15),
postgres-#   (10987, 7, 60),
postgres-#   (10987, 43, 6),
postgres-#   (10987, 72, 20),
postgres-#   (10988, 7, 60),
postgres-#   (10988, 62, 40),
postgres-#   (10989, 6, 40),
postgres-#   (10989, 11, 15),
postgres-#   (10989, 41, 4),
postgres-#   (10990, 21, 65),
postgres-#   (10990, 34, 60),
postgres-#   (10990, 55, 65),
postgres-#   (10990, 61, 66),
postgres-#   (10991, 2, 50),
postgres-#   (10991, 70, 20),
postgres-#   (10991, 76, 90),
postgres-#   (10992, 72, 2),
postgres-#   (10993, 29, 50),
postgres-#   (10993, 41, 35),
postgres-#   (10994, 59, 18),
postgres-#   (10995, 51, 20),
postgres-#   (10995, 60, 4),
postgres-#   (10996, 42, 40),
postgres-#   (10997, 32, 50),
postgres-#   (10997, 46, 20),
postgres-#   (10997, 52, 20),
postgres-#   (10998, 24, 12),
postgres-#   (10998, 61, 7),
postgres-#   (10998, 74, 20),
postgres-#   (10998, 75, 30),
postgres-#   (10999, 41, 20),
postgres-#   (10999, 51, 15),
postgres-#   (10999, 77, 21),
postgres-#   (11000, 4, 25),
postgres-#   (11000, 24, 30),
postgres-#   (11000, 77, 30),
postgres-#   (11001, 7, 60),
postgres-#   (11001, 22, 25),
postgres-#   (11001, 46, 25),
postgres-#   (11001, 55, 6),
postgres-#   (11002, 13, 56),
postgres-#   (11002, 35, 15),
postgres-#   (11002, 42, 24),
postgres-#   (11002, 55, 40),
postgres-#   (11003, 1, 4),
postgres-#   (11003, 40, 10),
postgres-#   (11003, 52, 10),
postgres-#   (11004, 26, 6),
postgres-#   (11004, 76, 6),
postgres-#   (11005, 1, 2),
postgres-#   (11005, 59, 10),
postgres-#   (11006, 1, 8),
postgres-#   (11006, 29, 2),
postgres-#   (11007, 8, 30),
postgres-#   (11007, 29, 10),
postgres-#   (11007, 42, 14),
postgres-#   (11008, 28, 70),
postgres-#   (11008, 34, 90),
postgres-#   (11008, 71, 21),
postgres-#   (11009, 24, 12),
postgres-#   (11009, 36, 18),
postgres-#   (11009, 60, 9),
postgres-#   (11010, 7, 20),
postgres-#   (11010, 24, 10),
postgres-#   (11011, 58, 40),
postgres-#   (11011, 71, 20),
postgres-#   (11012, 19, 50),
postgres-#   (11012, 60, 36),
postgres-#   (11012, 71, 60),
postgres-#   (11013, 23, 10),
postgres-#   (11013, 42, 4),
postgres-#   (11013, 45, 20),
postgres-#   (11013, 68, 2),
postgres-#   (11014, 41, 28),
postgres-#   (11015, 30, 15),
postgres-#   (11015, 77, 18),
postgres-#   (11016, 31, 15),
postgres-#   (11016, 36, 16),
postgres-#   (11017, 3, 25),
postgres-#   (11017, 59, 110),
postgres-#   (11017, 70, 30),
postgres-#   (11018, 12, 20),
postgres-#   (11018, 18, 10),
postgres-#   (11018, 56, 5),
postgres-#   (11019, 46, 3),
postgres-#   (11019, 49, 2),
postgres-#   (11020, 10, 24),
postgres-#   (11021, 2, 11),
postgres-#   (11021, 20, 15),
postgres-#   (11021, 26, 63),
postgres-#   (11021, 51, 44),
postgres-#   (11021, 72, 35),
postgres-#   (11022, 19, 35),
postgres-#   (11022, 69, 30),
postgres-#   (11023, 7, 4),
postgres-#   (11023, 43, 30),
postgres-#   (11024, 26, 12),
postgres-#   (11024, 33, 30),
postgres-#   (11024, 65, 21),
postgres-#   (11024, 71, 50),
postgres-#   (11025, 1, 10),
postgres-#   (11025, 13, 20),
postgres-#   (11026, 18, 8),
postgres-#   (11026, 51, 10),
postgres-#   (11027, 24, 30),
postgres-#   (11027, 62, 21),
postgres-#   (11028, 55, 35),
postgres-#   (11028, 59, 24),
postgres-#   (11029, 56, 20),
postgres-#   (11029, 63, 12),
postgres-#   (11030, 2, 100),
postgres-#   (11030, 5, 70),
postgres-#   (11030, 29, 60),
postgres-#   (11030, 59, 100),
postgres-#   (11031, 1, 45),
postgres-#   (11031, 13, 80),
postgres-#   (11031, 24, 21),
postgres-#   (11031, 64, 20),
postgres-#   (11031, 71, 16),
postgres-#   (11032, 36, 35),
postgres-#   (11032, 38, 25),
postgres-#   (11032, 59, 30),
postgres-#   (11033, 53, 70),
postgres-#   (11033, 69, 36),
postgres-#   (11034, 21, 15),
postgres-#   (11034, 44, 12),
postgres-#   (11034, 61, 6),
postgres-#   (11035, 1, 10),
postgres-#   (11035, 35, 60),
postgres-#   (11035, 42, 30),
postgres-#   (11035, 54, 10),
postgres-#   (11036, 13, 7),
postgres-#   (11036, 59, 30),
postgres-#   (11037, 70, 4),
postgres-#   (11038, 40, 5),
postgres-#   (11038, 52, 2),
postgres-#   (11038, 71, 30),
postgres-#   (11039, 28, 20),
postgres-#   (11039, 35, 24),
postgres-#   (11039, 49, 60),
postgres-#   (11039, 57, 28),
postgres-#   (11040, 21, 20),
postgres-#   (11041, 2, 30),
postgres-#   (11041, 63, 30),
postgres-#   (11042, 44, 15),
postgres-#   (11042, 61, 4),
postgres-#   (11043, 11, 10),
postgres-#   (11044, 62, 12),
postgres-#   (11045, 33, 15),
postgres-#   (11045, 51, 24),
postgres-#   (11046, 12, 20),
postgres-#   (11046, 32, 15),
postgres-#   (11046, 35, 18),
postgres-#   (11047, 1, 25),
postgres-#   (11047, 5, 30),
postgres-#   (11048, 68, 42),
postgres-#   (11049, 2, 10),
postgres-#   (11049, 12, 4),
postgres-#   (11050, 76, 50),
postgres-#   (11051, 24, 10),
postgres-#   (11052, 43, 30),
postgres-#   (11052, 61, 10),
postgres-#   (11053, 18, 35),
postgres-#   (11053, 32, 20),
postgres-#   (11053, 64, 25),
postgres-#   (11054, 33, 10),
postgres-#   (11054, 67, 20),
postgres-#   (11055, 24, 15),
postgres-#   (11055, 25, 15),
postgres-#   (11055, 51, 20),
postgres-#   (11055, 57, 20),
postgres-#   (11056, 7, 40),
postgres-#   (11056, 55, 35),
postgres-#   (11056, 60, 50),
postgres-#   (11057, 70, 3),
postgres-#   (11058, 21, 3),
postgres-#   (11058, 60, 21),
postgres-#   (11058, 61, 4),
postgres-#   (11059, 13, 30),
postgres-#   (11059, 17, 12),
postgres-#   (11059, 60, 35),
postgres-#   (11060, 60, 4),
postgres-#   (11060, 77, 10),
postgres-#   (11061, 60, 15),
postgres-#   (11062, 53, 10),
postgres-#   (11062, 70, 12),
postgres-#   (11063, 34, 30),
postgres-#   (11063, 40, 40),
postgres-#   (11063, 41, 30),
postgres-#   (11064, 17, 77),
postgres-#   (11064, 41, 12),
postgres-#   (11064, 53, 25),
postgres-#   (11064, 55, 4),
postgres-#   (11064, 68, 55),
postgres-#   (11065, 30, 4),
postgres-#   (11065, 54, 20),
postgres-#   (11066, 16, 3),
postgres-#   (11066, 19, 42),
postgres-#   (11066, 34, 35),
postgres-#   (11067, 41, 9),
postgres-#   (11068, 28, 8),
postgres-#   (11068, 43, 36),
postgres-#   (11068, 77, 28),
postgres-#   (11069, 39, 20),
postgres-#   (11070, 1, 40),
postgres-#   (11070, 2, 20),
postgres-#   (11070, 16, 30),
postgres-#   (11070, 31, 20),
postgres-#   (11071, 7, 15),
postgres-#   (11071, 13, 10),
postgres-#   (11072, 2, 8),
postgres-#   (11072, 41, 40),
postgres-#   (11072, 50, 22),
postgres-#   (11072, 64, 130),
postgres-#   (11073, 11, 10),
postgres-#   (11073, 24, 20),
postgres-#   (11074, 16, 14),
postgres-#   (11075, 2, 10),
postgres-#   (11075, 46, 30),
postgres-#   (11075, 76, 2),
postgres-#   (11076, 6, 20),
postgres-#   (11076, 14, 20),
postgres-#   (11076, 19, 10),
postgres-#   (11077, 2, 24),
postgres-#   (11077, 3, 4),
postgres-#   (11077, 4, 1),
postgres-#   (11077, 6, 1),
postgres-#   (11077, 7, 1),
postgres-#   (11077, 8, 2),
postgres-#   (11077, 10, 1),
postgres-#   (11077, 12, 2),
postgres-#   (11077, 13, 4),
postgres-#   (11077, 14, 1),
postgres-#   (11077, 16, 2),
postgres-#   (11077, 20, 1),
postgres-#   (11077, 23, 2),
postgres-#   (11077, 32, 1),
postgres-#   (11077, 39, 2),
postgres-#   (11077, 41, 3),
postgres-#   (11077, 46, 3),
postgres-#   (11077, 52, 2),
postgres-#   (11077, 55, 2),
postgres-#   (11077, 60, 2),
postgres-#   (11077, 64, 2),
postgres-#   (11077, 66, 1),
postgres-#   (11077, 73, 2),
postgres-#   (11077, 75, 4),
postgres-#   (11077, 77, 2);
INSERT 0 2155
postgres=# CREATE TABLE testproducts (
postgres(#   testproduct_id SERIAL NOT NULL PRIMARY KEY,
postgres(#   product_name VARCHAR(255),
postgres(#   category_id INT
postgres(# );
CREATE TABLE
postgres=# INSERT INTO testproducts (product_name, category_id)
postgres-# VALUES
postgres-#   ('Johns Fruit Cake', 3),
postgres-#   ('Marys Healthy Mix', 9),
postgres-#   ('Peters Scary Stuff', 10),
postgres-#   ('Jims Secret Recipe', 11),
postgres-#   ('Elisabeths Best Apples', 12),
postgres-#   ('Janes Favorite Cheese', 4),
postgres-#   ('Billys Home Made Pizza', 13),
postgres-#   ('Ellas Special Salmon', 8),
postgres-#   ('Roberts Rich Spaghetti', 5),
postgres-#   ('Mias Popular Ice', 14);
INSERT 0 10
postgres=# SELECT * FROM categories;
 category_id | category_name  |                        description
-------------+----------------+------------------------------------------------------------
           1 | Beverages      | Soft drinks, coffees, teas, beers, and ales
           2 | Condiments     | Sweet and savory sauces, relishes, spreads, and seasonings
           3 | Confections    | Desserts, candies, and sweet breads
           4 | Dairy Products | Cheeses
           5 | Grains/Cereals | Breads, crackers, pasta, and cereal
           6 | Meat/Poultry   | Prepared meats
           7 | Produce        | Dried fruit and bean curd
           8 | Seafood        | Seaweed and fish
(8 rows)


postgres=# SELECT * FROM testproducts;
 testproduct_id |      product_name      | category_id
----------------+------------------------+-------------
              1 | Johns Fruit Cake       |           3
              2 | Marys Healthy Mix      |           9
              3 | Peters Scary Stuff     |          10
              4 | Jims Secret Recipe     |          11
              5 | Elisabeths Best Apples |          12
              6 | Janes Favorite Cheese  |           4
              7 | Billys Home Made Pizza |          13
              8 | Ellas Special Salmon   |           8
              9 | Roberts Rich Spaghetti |           5
             10 | Mias Popular Ice       |          14
(10 rows)


postgres=# SELECT * FROM order_details;
 order_detail_id | order_id | product_id | quantity
-----------------+----------+------------+----------
               1 |    10248 |         11 |       12
               2 |    10248 |         42 |       10
               3 |    10248 |         72 |        5
               4 |    10249 |         14 |        9
               5 |    10249 |         51 |       40
               6 |    10250 |         41 |       10
               7 |    10250 |         51 |       35
               8 |    10250 |         65 |       15
               9 |    10251 |         22 |        6
              10 |    10251 |         57 |       15
              11 |    10251 |         65 |       20
              12 |    10252 |         20 |       40
              13 |    10252 |         33 |       25
              14 |    10252 |         60 |       40
              15 |    10253 |         31 |       20
              16 |    10253 |         39 |       42
              17 |    10253 |         49 |       40
              18 |    10254 |         24 |       15
              19 |    10254 |         55 |       21
              20 |    10254 |         74 |       21
              21 |    10255 |          2 |       20
              22 |    10255 |         16 |       35
              23 |    10255 |         36 |       25
              24 |    10255 |         59 |       30
              25 |    10256 |         53 |       15
              26 |    10256 |         77 |       12
              27 |    10257 |         27 |       25
              28 |    10257 |         39 |        6
              29 |    10257 |         77 |       15
              30 |    10258 |          2 |       50
              31 |    10258 |          5 |       65
              32 |    10258 |         32 |        6
             366 |    10386 |         24 |       15
             367 |    10386 |         34 |       10
             368 |    10387 |         24 |       15
             369 |    10387 |         28 |        6
             370 |    10387 |         59 |       12
             371 |    10387 |         71 |       15
             372 |    10388 |         45 |       15
             373 |    10388 |         52 |       20
             374 |    10388 |         53 |       40
             375 |    10389 |         10 |       16
             376 |    10389 |         55 |       15
             377 |    10389 |         62 |       20
             378 |    10389 |         70 |       30
             379 |    10390 |         31 |       60
             380 |    10390 |         35 |       40
             381 |    10390 |         46 |       45
             382 |    10390 |         72 |       24
             383 |    10391 |         13 |       18
             384 |    10392 |         69 |       50
             385 |    10393 |          2 |       25
             386 |    10393 |         14 |       42
             387 |    10393 |         25 |        7
             388 |    10393 |         26 |       70
             389 |    10393 |         31 |       32
             390 |    10394 |         13 |       10
             391 |    10394 |         62 |       10
             392 |    10395 |         46 |       28
             393 |    10395 |         53 |       70
             394 |    10395 |         69 |        8
             395 |    10396 |         23 |       40
             396 |    10396 |         71 |       60
             397 |    10396 |         72 |       21
             398 |    10397 |         21 |       10
             399 |    10397 |         51 |       18
             400 |    10398 |         35 |       30
             401 |    10398 |         55 |      120
             402 |    10399 |         68 |       60
             403 |    10399 |         71 |       30
             404 |    10399 |         76 |       35
             405 |    10399 |         77 |       14
             406 |    10400 |         29 |       21
             407 |    10400 |         35 |       35
             408 |    10400 |         49 |       30
             409 |    10401 |         30 |       18
             410 |    10401 |         56 |       70
             411 |    10401 |         65 |       20
             412 |    10401 |         71 |       60
             413 |    10402 |         23 |       60
             414 |    10402 |         63 |       65
             415 |    10403 |         16 |       21
             416 |    10403 |         48 |       70
             417 |    10404 |         26 |       30
             418 |    10404 |         42 |       40
             419 |    10404 |         49 |       30
             420 |    10405 |          3 |       50
             421 |    10406 |          1 |       10
             422 |    10406 |         21 |       30
             423 |    10406 |         28 |       42
             424 |    10406 |         36 |        5
             425 |    10406 |         40 |        2
             426 |    10407 |         11 |       30
             427 |    10407 |         69 |       15
             428 |    10407 |         71 |       15
             429 |    10408 |         37 |       10
             430 |    10408 |         54 |        6
             431 |    10408 |         62 |       35
             432 |    10409 |         14 |       12
             433 |    10409 |         21 |       12
             434 |    10410 |         33 |       49
             435 |    10410 |         59 |       16
             436 |    10411 |         41 |       25
             437 |    10411 |         44 |       40
             438 |    10411 |         59 |        9
             439 |    10412 |         14 |       20
             440 |    10413 |          1 |       24
             441 |    10413 |         62 |       40
             442 |    10413 |         76 |       14
             443 |    10414 |         19 |       18
             444 |    10414 |         33 |       50
             445 |    10415 |         17 |        2
             446 |    10415 |         33 |       20
             447 |    10416 |         19 |       20
             448 |    10416 |         53 |       10
             449 |    10416 |         57 |       20
             450 |    10417 |         38 |       50
             451 |    10417 |         46 |        2
             452 |    10417 |         68 |       36
             453 |    10417 |         77 |       35
             454 |    10418 |          2 |       60
             455 |    10418 |         47 |       55
             456 |    10418 |         61 |       16
             457 |    10418 |         74 |       15
             458 |    10419 |         60 |       60
             459 |    10419 |         69 |       20
             460 |    10420 |          9 |       20
             461 |    10420 |         13 |        2
             462 |    10420 |         70 |        8
             463 |    10420 |         73 |       20
             464 |    10421 |         19 |        4
             465 |    10421 |         26 |       30
             466 |    10421 |         53 |       15
             467 |    10421 |         77 |       10
             468 |    10422 |         26 |        2
             469 |    10423 |         31 |       14
             470 |    10423 |         59 |       20
             471 |    10424 |         35 |       60
             472 |    10424 |         38 |       49
             473 |    10424 |         68 |       30
             474 |    10425 |         55 |       10
             475 |    10425 |         76 |       20
             476 |    10426 |         56 |        5
             477 |    10426 |         64 |        7
             478 |    10427 |         14 |       35
             479 |    10428 |         46 |       20
             480 |    10429 |         50 |       40
             481 |    10429 |         63 |       35
             482 |    10430 |         17 |       45
             483 |    10430 |         21 |       50
             484 |    10430 |         56 |       30
             485 |    10430 |         59 |       70
             486 |    10431 |         17 |       50
             487 |    10431 |         40 |       50
             488 |    10431 |         47 |       30
             489 |    10432 |         26 |       10
             490 |    10432 |         54 |       40
             491 |    10433 |         56 |       28
             492 |    10434 |         11 |        6
             493 |    10434 |         76 |       18
             494 |    10435 |          2 |       10
             495 |    10435 |         22 |       12
             496 |    10435 |         72 |       10
             497 |    10436 |         46 |        5
             498 |    10436 |         56 |       40
             499 |    10436 |         64 |       30
             500 |    10436 |         75 |       24
             501 |    10437 |         53 |       15
             502 |    10438 |         19 |       15
             503 |    10438 |         34 |       20
             504 |    10438 |         57 |       15
             505 |    10439 |         12 |       15
             506 |    10439 |         16 |       16
postgres=# SELECT * FROM orders;
 order_id | customer_id | order_date
----------+-------------+------------
    10248 |          90 | 2021-07-04
    10249 |          81 | 2021-07-05
    10250 |          34 | 2021-07-08
    10251 |          84 | 2021-07-08
    10252 |          76 | 2021-07-09
    10253 |          34 | 2021-07-10
    10254 |          14 | 2021-07-11
    10255 |          68 | 2021-07-12
    10256 |          88 | 2021-07-15
    10257 |          35 | 2021-07-16
    10258 |          20 | 2021-07-17
    10259 |          13 | 2021-07-18
    10260 |          55 | 2021-07-19
    10261 |          61 | 2021-07-19
    10262 |          65 | 2021-07-22
    10263 |          20 | 2021-07-23
    10264 |          24 | 2021-07-24
    10265 |           7 | 2021-07-25
    10266 |          87 | 2021-07-26
    10267 |          25 | 2021-07-29
    10268 |          33 | 2021-07-30
    10269 |          89 | 2021-07-31
    10270 |          87 | 2021-08-01
    10271 |          75 | 2021-08-01
    10272 |          65 | 2021-08-02
    10273 |          63 | 2021-08-05
    10274 |          85 | 2021-08-06
    10275 |          49 | 2021-08-07
    10276 |          80 | 2021-08-08
    10277 |          52 | 2021-08-09
    10278 |           5 | 2021-08-12
    10279 |          44 | 2021-08-13